Archive member included to satisfy reference by file (symbol)

/home/polar/toolchains/arm-gnu-toolchain-13.3.rel1-x86_64-arm-none-eabi/bin/../lib/gcc/arm-none-eabi/13.3.1/thumb/v8-m.main+fp/softfp/libgcc.a(_arm_addsubdf3.o)
                              CMakeFiles/protogl_gpu.dir/src/gpu_clock.cpp.o (__aeabi_f2d)
/home/polar/toolchains/arm-gnu-toolchain-13.3.rel1-x86_64-arm-none-eabi/bin/../lib/gcc/arm-none-eabi/13.3.1/thumb/v8-m.main+fp/softfp/libgcc.a(_aeabi_ldivmod.o)
                              CMakeFiles/protogl_gpu.dir/src/gpu_core.cpp.o (__aeabi_ldivmod)
/home/polar/toolchains/arm-gnu-toolchain-13.3.rel1-x86_64-arm-none-eabi/bin/../lib/gcc/arm-none-eabi/13.3.1/thumb/v8-m.main+fp/softfp/libgcc.a(_aeabi_uldivmod.o)
                              CMakeFiles/protogl_gpu.dir/src/gpu_core.cpp.o (__aeabi_uldivmod)
/home/polar/toolchains/arm-gnu-toolchain-13.3.rel1-x86_64-arm-none-eabi/bin/../lib/gcc/arm-none-eabi/13.3.1/thumb/v8-m.main+fp/softfp/libgcc.a(_udivmoddi4.o)
                              /home/polar/toolchains/arm-gnu-toolchain-13.3.rel1-x86_64-arm-none-eabi/bin/../lib/gcc/arm-none-eabi/13.3.1/thumb/v8-m.main+fp/softfp/libgcc.a(_aeabi_ldivmod.o) (__udivmoddi4)
/home/polar/toolchains/arm-gnu-toolchain-13.3.rel1-x86_64-arm-none-eabi/bin/../lib/gcc/arm-none-eabi/13.3.1/thumb/v8-m.main+fp/softfp/libgcc.a(_dvmd_tls.o)
                              /home/polar/toolchains/arm-gnu-toolchain-13.3.rel1-x86_64-arm-none-eabi/bin/../lib/gcc/arm-none-eabi/13.3.1/thumb/v8-m.main+fp/softfp/libgcc.a(_aeabi_ldivmod.o) (__aeabi_ldiv0)
/home/polar/toolchains/arm-gnu-toolchain-13.3.rel1-x86_64-arm-none-eabi/bin/../lib/gcc/arm-none-eabi/13.3.1/../../../../arm-none-eabi/lib/thumb/v8-m.main+fp/softfp/libg.a(libc_a-memcpy.o)
                              CMakeFiles/protogl_gpu.dir/src/gpu_core.cpp.o (memcpy)
/home/polar/toolchains/arm-gnu-toolchain-13.3.rel1-x86_64-arm-none-eabi/bin/../lib/gcc/arm-none-eabi/13.3.1/../../../../arm-none-eabi/lib/thumb/v8-m.main+fp/softfp/libg.a(libc_a-strlen-stub.o)
                              CMakeFiles/protogl_gpu.dir/home/polar/pico/pico-sdk/src/rp2_common/pico_stdio/stdio.c.o (strlen)
/home/polar/toolchains/arm-gnu-toolchain-13.3.rel1-x86_64-arm-none-eabi/bin/../lib/gcc/arm-none-eabi/13.3.1/../../../../arm-none-eabi/lib/thumb/v8-m.main+fp/softfp/libg.a(libc_a-malloc.o)
                              CMakeFiles/protogl_gpu.dir/home/polar/pico/pico-sdk/src/rp2_common/pico_malloc/malloc.c.o (malloc)
/home/polar/toolchains/arm-gnu-toolchain-13.3.rel1-x86_64-arm-none-eabi/bin/../lib/gcc/arm-none-eabi/13.3.1/../../../../arm-none-eabi/lib/thumb/v8-m.main+fp/softfp/libg.a(libc_a-mallocr.o)
                              /home/polar/toolchains/arm-gnu-toolchain-13.3.rel1-x86_64-arm-none-eabi/bin/../lib/gcc/arm-none-eabi/13.3.1/../../../../arm-none-eabi/lib/thumb/v8-m.main+fp/softfp/libg.a(libc_a-malloc.o) (_malloc_r)
/home/polar/toolchains/arm-gnu-toolchain-13.3.rel1-x86_64-arm-none-eabi/bin/../lib/gcc/arm-none-eabi/13.3.1/../../../../arm-none-eabi/lib/thumb/v8-m.main+fp/softfp/libg.a(libc_a-lcltime_r.o)
                              CMakeFiles/protogl_gpu.dir/home/polar/pico/pico-sdk/src/common/pico_util/datetime.c.o (localtime_r)
/home/polar/toolchains/arm-gnu-toolchain-13.3.rel1-x86_64-arm-none-eabi/bin/../lib/gcc/arm-none-eabi/13.3.1/../../../../arm-none-eabi/lib/thumb/v8-m.main+fp/softfp/libg.a(libc_a-sbrkr.o)
                              /home/polar/toolchains/arm-gnu-toolchain-13.3.rel1-x86_64-arm-none-eabi/bin/../lib/gcc/arm-none-eabi/13.3.1/../../../../arm-none-eabi/lib/thumb/v8-m.main+fp/softfp/libg.a(libc_a-mallocr.o) (_sbrk_r)
/home/polar/toolchains/arm-gnu-toolchain-13.3.rel1-x86_64-arm-none-eabi/bin/../lib/gcc/arm-none-eabi/13.3.1/../../../../arm-none-eabi/lib/thumb/v8-m.main+fp/softfp/libg.a(libc_a-mktime.o)
                              CMakeFiles/protogl_gpu.dir/home/polar/pico/pico-sdk/src/common/pico_util/datetime.c.o (mktime)
/home/polar/toolchains/arm-gnu-toolchain-13.3.rel1-x86_64-arm-none-eabi/bin/../lib/gcc/arm-none-eabi/13.3.1/../../../../arm-none-eabi/lib/thumb/v8-m.main+fp/softfp/libg.a(libc_a-month_lengths.o)
                              /home/polar/toolchains/arm-gnu-toolchain-13.3.rel1-x86_64-arm-none-eabi/bin/../lib/gcc/arm-none-eabi/13.3.1/../../../../arm-none-eabi/lib/thumb/v8-m.main+fp/softfp/libg.a(libc_a-lcltime_r.o) (__month_lengths)
/home/polar/toolchains/arm-gnu-toolchain-13.3.rel1-x86_64-arm-none-eabi/bin/../lib/gcc/arm-none-eabi/13.3.1/../../../../arm-none-eabi/lib/thumb/v8-m.main+fp/softfp/libg.a(libc_a-tzcalc_limits.o)
                              /home/polar/toolchains/arm-gnu-toolchain-13.3.rel1-x86_64-arm-none-eabi/bin/../lib/gcc/arm-none-eabi/13.3.1/../../../../arm-none-eabi/lib/thumb/v8-m.main+fp/softfp/libg.a(libc_a-lcltime_r.o) (__tzcalc_limits)
/home/polar/toolchains/arm-gnu-toolchain-13.3.rel1-x86_64-arm-none-eabi/bin/../lib/gcc/arm-none-eabi/13.3.1/../../../../arm-none-eabi/lib/thumb/v8-m.main+fp/softfp/libg.a(libc_a-tzlock.o)
[...]
Memory Configuration

Name             Origin             Length             Attributes
FLASH            0x10000000         0x00400000         xr
PSRAM            0x11000000         0x00000000         xrw
XIP_RAM          0x13ffc000         0x00004000         xrw
RAM              0x20000000         0x00080000         xrw
SCRATCH_X        0x20080000         0x00001000         xrw
SCRATCH_Y        0x20081000         0x00001000         xrw
*default*        0x00000000         0xffffffff

Linker script and memory map

                0x20000000                        RAM_ORIGIN_DEFAULT = 0x20000000
                0x00080000                        RAM_LENGTH_DEFAULT = 0x80000
                0x20080000                        SCRATCH_X_ORIGIN_DEFAULT = 0x20080000
                0x00001000                        SCRATCH_X_LENGTH_DEFAULT = 0x1000
                0x20081000                        SCRATCH_Y_ORIGIN_DEFAULT = 0x20081000
                0x00001000                        SCRATCH_Y_LENGTH_DEFAULT = 0x1000
                0x13ffc000                        XIP_RAM_ORIGIN_DEFAULT = 0x13ffc000
                0x00004000                        XIP_RAM_LENGTH_DEFAULT = 0x4000
LOAD CMakeFiles/protogl_gpu.dir/src/main.cpp.o
LOAD CMakeFiles/protogl_gpu.dir/src/gpu_core.cpp.o
LOAD CMakeFiles/protogl_gpu.dir/src/gpu_clock.cpp.o
LOAD CMakeFiles/protogl_gpu.dir/src/command_parser.cpp.o
LOAD CMakeFiles/protogl_gpu.dir/src/display/hub75_driver.cpp.o
LOAD CMakeFiles/protogl_gpu.dir/src/transport/octal_spi_rx.cpp.o
LOAD CMakeFiles/protogl_gpu.dir/src/transport/i2c_slave.cpp.o
LOAD CMakeFiles/protogl_gpu.dir/src/math/pgl_math.cpp.o
LOAD CMakeFiles/protogl_gpu.dir/src/render/rasterizer.cpp.o
LOAD CMakeFiles/protogl_gpu.dir/src/render/rasterizer_2d.cpp.o
LOAD CMakeFiles/protogl_gpu.dir/src/render/quadtree.cpp.o
LOAD CMakeFiles/protogl_gpu.dir/src/render/triangle2d.cpp.o
LOAD CMakeFiles/protogl_gpu.dir/src/render/screenspace_effects.cpp.o
LOAD CMakeFiles/protogl_gpu.dir/src/render/pgl_shader_vm.cpp.o
LOAD CMakeFiles/protogl_gpu.dir/src/scheduler/pgl_job_scheduler_rp2350.cpp.o
LOAD CMakeFiles/protogl_gpu.dir/src/scheduler/pgl_tile_scheduler.cpp.o
LOAD CMakeFiles/protogl_gpu.dir/src/memory/mem_qspi_vram.cpp.o
LOAD CMakeFiles/protogl_gpu.dir/src/memory/mem_tier.cpp.o
LOAD CMakeFiles/protogl_gpu.dir/src/memory/flash_persist.cpp.o
LOAD CMakeFiles/protogl_gpu.dir/src/display/display_manager.cpp.o
LOAD CMakeFiles/protogl_gpu.dir/src/display/i2c_hud_driver.cpp.o
LOAD CMakeFiles/protogl_gpu.dir/src/selftest/gpu_selftest.cpp.o
LOAD CMakeFiles/protogl_gpu.dir/src/selftest/ssd1331_driver.cpp.o
LOAD CMakeFiles/protogl_gpu.dir/src/selftest/headless_selftest.cpp.o
LOAD CMakeFiles/protogl_gpu.dir/home/polar/MCUGPU/ProtoGC/src/pgc_pico.cpp.o
LOAD CMakeFiles/protogl_gpu.dir/home/polar/pico/pico-sdk/src/rp2_common/pico_stdlib/stdlib.c.o
LOAD CMakeFiles/protogl_gpu.dir/home/polar/pico/pico-sdk/src/rp2_common/hardware_gpio/gpio.c.o
LOAD CMakeFiles/protogl_gpu.dir/home/polar/pico/pico-sdk/src/rp2350/pico_platform/platform.c.o
LOAD CMakeFiles/protogl_gpu.dir/home/polar/pico/pico-sdk/src/rp2_common/pico_platform_common/common.c.o
LOAD CMakeFiles/protogl_gpu.dir/home/polar/pico/pico-sdk/src/rp2_common/pico_platform_panic/panic.c.o
LOAD CMakeFiles/protogl_gpu.dir/home/polar/pico/pico-sdk/src/rp2_common/pico_platform_panic/custom_panic_function.S.o
LOAD CMakeFiles/protogl_gpu.dir/home/polar/pico/pico-sdk/src/common/hardware_claim/claim.c.o
LOAD CMakeFiles/protogl_gpu.dir/home/polar/pico/pico-sdk/src/rp2_common/hardware_sync/sync.c.o
LOAD CMakeFiles/protogl_gpu.dir/home/polar/pico/pico-sdk/src/rp2_common/hardware_sync_spin_lock/sync_spin_lock.c.o
LOAD CMakeFiles/protogl_gpu.dir/home/polar/pico/pico-sdk/src/rp2_common/hardware_irq/irq.c.o
LOAD CMakeFiles/protogl_gpu.dir/home/polar/pico/pico-sdk/src/rp2_common/hardware_irq/irq_handler_chain.S.o
LOAD CMakeFiles/protogl_gpu.dir/home/polar/pico/pico-sdk/src/common/pico_sync/sem.c.o
LOAD CMakeFiles/protogl_gpu.dir/home/polar/pico/pico-sdk/src/common/pico_sync/lock_core.c.o
LOAD CMakeFiles/protogl_gpu.dir/home/polar/pico/pico-sdk/src/common/pico_sync/mutex.c.o
LOAD CMakeFiles/protogl_gpu.dir/home/polar/pico/pico-sdk/src/common/pico_sync/critical_section.c.o
LOAD CMakeFiles/protogl_gpu.dir/home/polar/pico/pico-sdk/src/common/pico_time/time.c.o
LOAD CMakeFiles/protogl_gpu.dir/home/polar/pico/pico-sdk/src/common/pico_time/timeout_helper.c.o
LOAD CMakeFiles/protogl_gpu.dir/home/polar/pico/pico-sdk/src/rp2_common/hardware_timer/timer.c.o
LOAD CMakeFiles/protogl_gpu.dir/home/polar/pico/pico-sdk/src/common/pico_util/datetime.c.o
LOAD CMakeFiles/protogl_gpu.dir/home/polar/pico/pico-sdk/src/common/pico_util/fixed_bitset.c.o
LOAD CMakeFiles/protogl_gpu.dir/home/polar/pico/pico-sdk/src/common/pico_util/pheap.c.o
LOAD CMakeFiles/protogl_gpu.dir/home/polar/pico/pico-sdk/src/common/pico_util/queue.c.o
LOAD CMakeFiles/protogl_gpu.dir/home/polar/pico/pico-sdk/src/rp2_common/hardware_uart/uart.c.o
LOAD CMakeFiles/protogl_gpu.dir/home/polar/pico/pico-sdk/src/rp2_common/hardware_clocks/clocks.c.o
LOAD CMakeFiles/protogl_gpu.dir/home/polar/pico/pico-sdk/src/rp2_common/hardware_pll/pll.c.o
LOAD CMakeFiles/protogl_gpu.dir/home/polar/pico/pico-sdk/src/rp2_common/hardware_vreg/vreg.c.o
LOAD CMakeFiles/protogl_gpu.dir/home/polar/pico/pico-sdk/src/rp2_common/hardware_watchdog/watchdog.c.o
LOAD CMakeFiles/protogl_gpu.dir/home/polar/pico/pico-sdk/src/rp2_common/hardware_ticks/ticks.c.o
LOAD CMakeFiles/protogl_gpu.dir/home/polar/pico/pico-sdk/src/rp2_common/pico_bootrom/bootrom.c.o
LOAD CMakeFiles/protogl_gpu.dir/home/polar/pico/pico-sdk/src/rp2_common/pico_bootrom/bootrom_lock.c.o
LOAD CMakeFiles/protogl_gpu.dir/home/polar/pico/pico-sdk/src/rp2_common/hardware_boot_lock/boot_lock.c.o
LOAD CMakeFiles/protogl_gpu.dir/home/polar/pico/pico-sdk/src/rp2_common/pico_flash/flash.c.o
LOAD CMakeFiles/protogl_gpu.dir/home/polar/pico/pico-sdk/src/rp2_common/hardware_xosc/xosc.c.o
LOAD CMakeFiles/protogl_gpu.dir/home/polar/pico/pico-sdk/src/rp2_common/hardware_divider/divider.c.o
LOAD CMakeFiles/protogl_gpu.dir/home/polar/pico/pico-sdk/src/rp2_common/pico_runtime/runtime.c.o
LOAD CMakeFiles/protogl_gpu.dir/home/polar/pico/pico-sdk/src/rp2_common/pico_runtime_init/runtime_init.c.o
LOAD CMakeFiles/protogl_gpu.dir/home/polar/pico/pico-sdk/src/rp2_common/pico_runtime_init/runtime_init_clocks.c.o
LOAD CMakeFiles/protogl_gpu.dir/home/polar/pico/pico-sdk/src/rp2_common/pico_runtime_init/runtime_init_stack_guard.c.o
LOAD CMakeFiles/protogl_gpu.dir/home/polar/pico/pico-sdk/src/rp2_common/pico_bit_ops/bit_ops_aeabi.S.o
LOAD CMakeFiles/protogl_gpu.dir/home/polar/pico/pico-sdk/src/rp2_common/pico_divider/divider_compiler.c.o
LOAD CMakeFiles/protogl_gpu.dir/home/polar/pico/pico-sdk/src/rp2_common/pico_double/double_math.c.o
LOAD CMakeFiles/protogl_gpu.dir/home/polar/pico/pico-sdk/src/rp2_common/pico_double/double_aeabi_dcp.S.o
LOAD CMakeFiles/protogl_gpu.dir/home/polar/pico/pico-sdk/src/rp2_common/pico_double/double_fma_dcp.S.o
LOAD CMakeFiles/protogl_gpu.dir/home/polar/pico/pico-sdk/src/rp2_common/pico_double/double_sci_m33.S.o
LOAD CMakeFiles/protogl_gpu.dir/home/polar/pico/pico-sdk/src/rp2_common/pico_double/double_conv_m33.S.o
LOAD CMakeFiles/protogl_gpu.dir/home/polar/pico/pico-sdk/src/rp2_common/pico_float/float_math.c.o
LOAD CMakeFiles/protogl_gpu.dir/home/polar/pico/pico-sdk/src/rp2_common/pico_float/float_conv32_vfp.S.o
LOAD CMakeFiles/protogl_gpu.dir/home/polar/pico/pico-sdk/src/rp2_common/pico_float/float_common_m33.S.o
LOAD CMakeFiles/protogl_gpu.dir/home/polar/pico/pico-sdk/src/rp2_common/pico_float/float_sci_m33_vfp.S.o
LOAD CMakeFiles/protogl_gpu.dir/home/polar/pico/pico-sdk/src/rp2_common/pico_malloc/malloc.c.o
LOAD CMakeFiles/protogl_gpu.dir/home/polar/pico/pico-sdk/src/rp2_common/pico_atomic/atomic.c.o
LOAD CMakeFiles/protogl_gpu.dir/home/polar/pico/pico-sdk/src/rp2_common/pico_cxx_options/new_delete.cpp.o
LOAD CMakeFiles/protogl_gpu.dir/home/polar/pico/pico-sdk/src/rp2_common/pico_standard_binary_info/standard_binary_info.c.o
LOAD CMakeFiles/protogl_gpu.dir/home/polar/pico/pico-sdk/src/rp2_common/pico_printf/printf.c.o
LOAD CMakeFiles/protogl_gpu.dir/home/polar/pico/pico-sdk/src/rp2_common/pico_crt0/crt0.S.o
LOAD CMakeFiles/protogl_gpu.dir/home/polar/pico/pico-sdk/src/rp2_common/pico_clib_interface/newlib_interface.c.o
LOAD CMakeFiles/protogl_gpu.dir/home/polar/pico/pico-sdk/src/rp2_common/pico_clib_interface/cxa_guard.c.o
LOAD CMakeFiles/protogl_gpu.dir/home/polar/pico/pico-sdk/src/rp2_common/pico_stdio/stdio.c.o
LOAD CMakeFiles/protogl_gpu.dir/home/polar/pico/pico-sdk/src/rp2_common/pico_stdio_uart/stdio_uart.c.o
LOAD CMakeFiles/protogl_gpu.dir/home/polar/pico/pico-sdk/src/rp2_common/pico_thread_local/thread_local.c.o
LOAD CMakeFiles/protogl_gpu.dir/home/polar/pico/pico-sdk/src/rp2_common/pico_multicore/multicore.c.o
LOAD CMakeFiles/protogl_gpu.dir/home/polar/pico/pico-sdk/src/rp2_common/pico_i2c_slave/i2c_slave.c.o
LOAD CMakeFiles/protogl_gpu.dir/home/polar/pico/pico-sdk/src/rp2_common/hardware_i2c/i2c.c.o
LOAD CMakeFiles/protogl_gpu.dir/home/polar/pico/pico-sdk/src/rp2_common/hardware_pio/pio.c.o
LOAD CMakeFiles/protogl_gpu.dir/home/polar/pico/pico-sdk/src/rp2_common/hardware_dma/dma.c.o
LOAD CMakeFiles/protogl_gpu.dir/home/polar/pico/pico-sdk/src/rp2_common/hardware_adc/adc.c.o
LOAD CMakeFiles/protogl_gpu.dir/home/polar/pico/pico-sdk/src/rp2_common/hardware_spi/spi.c.o
LOAD CMakeFiles/protogl_gpu.dir/home/polar/pico/pico-sdk/src/rp2_common/hardware_flash/flash.c.o
LOAD CMakeFiles/protogl_gpu.dir/home/polar/pico/pico-sdk/src/rp2_common/hardware_xip_cache/xip_cache.c.o
LOAD pico-sdk/src/rp2350/boot_stage2/CMakeFiles/bs2_default_library.dir/bs2_default_padded.S.o
LOAD /home/polar/toolchains/arm-gnu-toolchain-13.3.rel1-x86_64-arm-none-eabi/bin/../lib/gcc/arm-none-eabi/13.3.1/../../../../arm-none-eabi/lib/thumb/v8-m.main+fp/softfp/libstdc++.a
LOAD /home/polar/toolchains/arm-gnu-toolchain-13.3.rel1-x86_64-arm-none-eabi/bin/../lib/gcc/arm-none-eabi/13.3.1/../../../../arm-none-eabi/lib/thumb/v8-m.main+fp/softfp/libm.a
START GROUP
LOAD /home/polar/toolchains/arm-gnu-toolchain-13.3.rel1-x86_64-arm-none-eabi/bin/../lib/gcc/arm-none-eabi/13.3.1/thumb/v8-m.main+fp/softfp/libgcc.a
LOAD /home/polar/toolchains/arm-gnu-toolchain-13.3.rel1-x86_64-arm-none-eabi/bin/../lib/gcc/arm-none-eabi/13.3.1/../../../../arm-none-eabi/lib/thumb/v8-m.main+fp/softfp/libg.a
LOAD /home/polar/toolchains/arm-gnu-toolchain-13.3.rel1-x86_64-arm-none-eabi/bin/../lib/gcc/arm-none-eabi/13.3.1/../../../../arm-none-eabi/lib/thumb/v8-m.main+fp/softfp/libc.a
END GROUP
                0x20000000                        PROVIDE (RAM_ORIGIN = RAM_ORIGIN_DEFAULT)
                0x00080000                        PROVIDE (RAM_LENGTH = RAM_LENGTH_DEFAULT)
                0x20080000                        PROVIDE (SCRATCH_X_ORIGIN = SCRATCH_X_ORIGIN_DEFAULT)
                0x00001000                        PROVIDE (SCRATCH_X_LENGTH = SCRATCH_X_LENGTH_DEFAULT)
                0x20081000                        PROVIDE (SCRATCH_Y_ORIGIN = SCRATCH_Y_ORIGIN_DEFAULT)
                0x00001000                        PROVIDE (SCRATCH_Y_LENGTH = SCRATCH_Y_LENGTH_DEFAULT)
                0x13ffc000                        PROVIDE (XIP_RAM_ORIGIN = XIP_RAM_ORIGIN_DEFAULT)
                0x00004000                        PROVIDE (XIP_RAM_LENGTH = XIP_RAM_LENGTH_DEFAULT)
                0x20000000                        RAM_ORIGIN = DEFINED (RAM_ORIGIN)?RAM_ORIGIN:RAM_ORIGIN_DEFAULT
                0x00080000                        RAM_LENGTH = DEFINED (RAM_LENGTH)?RAM_LENGTH:RAM_LENGTH_DEFAULT
                0x20080000                        SCRATCH_X_ORIGIN = DEFINED (SCRATCH_X_ORIGIN)?SCRATCH_X_ORIGIN:SCRATCH_X_ORIGIN_DEFAULT
                0x00001000                        SCRATCH_X_LENGTH = DEFINED (SCRATCH_X_LENGTH)?SCRATCH_X_LENGTH:SCRATCH_X_LENGTH_DEFAULT
                0x20081000                        SCRATCH_Y_ORIGIN = DEFINED (SCRATCH_Y_ORIGIN)?SCRATCH_Y_ORIGIN:SCRATCH_Y_ORIGIN_DEFAULT
                0x00001000                        SCRATCH_Y_LENGTH = DEFINED (SCRATCH_Y_LENGTH)?SCRATCH_Y_LENGTH:SCRATCH_Y_LENGTH_DEFAULT
                0x13ffc000                        XIP_RAM_ORIGIN = DEFINED (XIP_RAM_ORIGIN)?XIP_RAM_ORIGIN:XIP_RAM_ORIGIN_DEFAULT
                0x00004000                        XIP_RAM_LENGTH = DEFINED (XIP_RAM_LENGTH)?XIP_RAM_LENGTH:XIP_RAM_LENGTH_DEFAULT

.flash_begin    0x10000000        0x0
                0x10000000                        __flash_binary_start = .

.text           0x10000000     0x8ffc
                0x10000000                        __logical_binary_start = .
 *(.vectors)
 .vectors       0x10000000      0x124 CMakeFiles/protogl_gpu.dir/home/polar/pico/pico-sdk/src/rp2_common/pico_crt0/crt0.S.o
                0x10000000                __vectors
                0x10000000                __VECTOR_TABLE
                0x10000110                isr_securefault
                0x10000110                isr_irq30
                0x10000110                __unhandled_user_irq
                0x10000110                isr_irq49
                0x10000110                isr_irq13
                0x10000110                isr_irq43
                0x10000110                isr_irq45
                0x10000110                isr_irq27
                0x10000110                isr_irq32
                0x10000110                isr_irq31
                0x10000110                isr_irq5
                0x10000110                isr_irq11
                0x10000110                isr_irq23
                0x10000110                isr_usagefault
                0x10000110                isr_irq48
                0x10000110                isr_irq35
                0x10000110                isr_irq18
                0x10000110                isr_irq50
                0x10000110                isr_irq40
                0x10000110                isr_irq28
                0x10000110                isr_irq19
                0x10000110                isr_irq36
                0x10000110                isr_irq41
                0x10000110                isr_irq0
                0x10000110                isr_irq6
                0x10000110                isr_memmanage
                0x10000110                isr_irq37
                0x10000110                isr_irq42
                0x10000110                isr_irq22
                0x10000110                isr_irq17
                0x10000110                isr_irq38
                0x10000110                isr_irq14
                0x10000110                __vectors_end
                0x10000110                __default_isrs_start
                0x10000110                isr_irq2
                0x10000110                isr_irq10
                0x10000110                isr_irq8
                0x10000110                isr_debugmonitor
                0x10000110                isr_irq24
                0x10000110                isr_irq46
                0x10000110                isr_irq1
                0x10000110                isr_irq47
                0x10000110                isr_irq51
                0x10000110                isr_irq7
                0x10000110                isr_irq21
                0x10000110                isr_irq39
                0x10000110                isr_irq20
                0x10000110                isr_irq15
                0x10000110                isr_irq25
                0x10000110                isr_irq34
                0x10000110                isr_irq4
                0x10000110                isr_busfault
                0x10000110                isr_irq16
                0x10000110                isr_irq44
                0x10000110                isr_irq29
                0x10000110                isr_irq26
                0x10000110                isr_irq33
                0x10000110                isr_irq3
                0x10000110                isr_irq12
                0x10000110                isr_irq9
                0x10000116                unhandled_user_irq_num_in_r0
                0x10000118                isr_invalid
                0x1000011a                isr_nmi
                0x1000011c                isr_hardfault
                0x1000011e                isr_svcall
                0x10000120                isr_pendsv
                0x10000122                isr_systick
                0x10000124                __default_isrs_end
 *(.binary_info_header)
 .binary_info_header
                0x10000124       0x14 CMakeFiles/protogl_gpu.dir/home/polar/pico/pico-sdk/src/rp2_common/pico_crt0/crt0.S.o
                0x10000138                        __binary_info_header_end = .
 *(.embedded_block)
 .embedded_block
                0x10000138       0x14 CMakeFiles/protogl_gpu.dir/home/polar/pico/pico-sdk/src/rp2_common/pico_crt0/crt0.S.o
                0x1000014c                        __embedded_block_end = .
 *(.reset)
 .reset         0x1000014c       0x94 CMakeFiles/protogl_gpu.dir/home/polar/pico/pico-sdk/src/rp2_common/pico_crt0/crt0.S.o
                0x1000014c                _entry_point
 *(.init)
 *libgcc.a:cmse_nonsecure_call.o()
 *(EXCLUDE_FILE(*libm.a: *lib*_a-mem*.o *libc.a: *libgcc.a:) .text*)
 .text._ZL11core1_entryv
                0x100001e0        0x8 CMakeFiles/protogl_gpu.dir/src/main.cpp.o
 .text.startup.main
                0x100001e8       0xec CMakeFiles/protogl_gpu.dir/src/main.cpp.o
                0x100001e8                main
 .text._ZN7protogc13HeapAllocator10deallocateEPv.isra.0
                0x100002d4       0xb0 CMakeFiles/protogl_gpu.dir/src/gpu_core.cpp.o
 .text._ZN10SceneState5ResetEv
                0x10000384      0x1b0 CMakeFiles/protogl_gpu.dir/src/gpu_core.cpp.o
                0x10000384                SceneState::Reset()
 .text._ZN10SceneStateC2Ev
                0x10000534      0x184 CMakeFiles/protogl_gpu.dir/src/gpu_core.cpp.o
                0x10000534                SceneState::SceneState()
                0x10000534                SceneState::SceneState()
 .text._ZN7GpuCore10InitializeEv
                0x100006b8      0x124 CMakeFiles/protogl_gpu.dir/src/gpu_core.cpp.o
                0x100006b8                GpuCore::Initialize()
 .text._ZN7GpuCore9Core0MainEv
                0x100007dc      0x204 CMakeFiles/protogl_gpu.dir/src/gpu_core.cpp.o
                0x100007dc                GpuCore::Core0Main()
 .text._ZN7GpuCore9Core1MainEv
                0x100009e0       0x1c CMakeFiles/protogl_gpu.dir/src/gpu_core.cpp.o
                0x100009e0                GpuCore::Core1Main()
 .text._ZN7GpuCore11GetVramModeEv
                0x100009fc        0xc CMakeFiles/protogl_gpu.dir/src/gpu_core.cpp.o
                0x100009fc                GpuCore::GetVramMode()
 .text.startup._GLOBAL__sub_I__ZN7GpuCore10InitializeEv
                0x10000a08       0x10 CMakeFiles/protogl_gpu.dir/src/gpu_core.cpp.o
 .text._ZN8GpuClock10InitializeEv
                0x10000a18       0x80 CMakeFiles/protogl_gpu.dir/src/gpu_clock.cpp.o
                0x10000a18                GpuClock::Initialize()
 .text._ZN8GpuClock12SetFrequencyEthb
                0x10000a98      0x224 CMakeFiles/protogl_gpu.dir/src/gpu_clock.cpp.o
                0x10000a98                GpuClock::SetFrequency(unsigned short, unsigned char, bool)
 .text._ZN7protogc13HeapAllocator8allocateEjm
                0x10000cbc      0x118 CMakeFiles/protogl_gpu.dir/src/command_parser.cpp.o
                0x10000cbc                protogc::HeapAllocator::allocate(unsigned int, unsigned long)
 .text._ZN7PglMath3DotERK7PglVec3S2_
                0x10000dd4       0x38 CMakeFiles/protogl_gpu.dir/src/math/pgl_math.cpp.o
                0x10000dd4                PglMath::Dot(PglVec3 const&, PglVec3 const&)
 .text._ZN7PglMath9NormalizeERK7PglVec3
                0x10000e0c       0x70 CMakeFiles/protogl_gpu.dir/src/math/pgl_math.cpp.o
                0x10000e0c                PglMath::Normalize(PglVec3 const&)
 .text._ZN7PglMath7QuatMulERK7PglQuatS2_
                0x10000e7c       0x90 CMakeFiles/protogl_gpu.dir/src/math/pgl_math.cpp.o
                0x10000e7c                PglMath::QuatMul(PglQuat const&, PglQuat const&)
 .text._ZN7PglMath10QuatRotateERK7PglQuatRK7PglVec3
                0x10000f0c       0x98 CMakeFiles/protogl_gpu.dir/src/math/pgl_math.cpp.o
                0x10000f0c                PglMath::QuatRotate(PglQuat const&, PglVec3 const&)
 .text._ZN7PglMath15TransformVertexERK12PglTransformRK7PglVec3
                0x10000fa4      0x154 CMakeFiles/protogl_gpu.dir/src/math/pgl_math.cpp.o
                0x10000fa4                PglMath::TransformVertex(PglTransform const&, PglVec3 const&)
 .text._ZN7PglMath18PerspectiveProjectERK7PglVec3S2_RK7PglQuatfffPf
                0x100010f8       0xf0 CMakeFiles/protogl_gpu.dir/src/math/pgl_math.cpp.o
                0x100010f8                PglMath::PerspectiveProject(PglVec3 const&, PglVec3 const&, PglQuat const&, float, float, float, float*)
 .text._ZN7PglMath12OrthoProjectERK7PglVec3S2_ff
                0x100011e8       0x4c CMakeFiles/protogl_gpu.dir/src/math/pgl_math.cpp.o
                0x100011e8                PglMath::OrthoProject(PglVec3 const&, PglVec3 const&, float, float)
 .text._ZN7PglMath14TriangleNormalERK7PglVec3S2_S2_
                0x10001234       0x80 CMakeFiles/protogl_gpu.dir/src/math/pgl_math.cpp.o
                0x10001234                PglMath::TriangleNormal(PglVec3 const&, PglVec3 const&, PglVec3 const&)
 .text._ZN7PglMath14TriangleArea2DERK7PglVec2S2_S2_
                0x100012b4       0x4c CMakeFiles/protogl_gpu.dir/src/math/pgl_math.cpp.o
                0x100012b4                PglMath::TriangleArea2D(PglVec2 const&, PglVec2 const&, PglVec2 const&)
 .text._ZN7PglMath16TriangleBounds2DERK7PglVec2S2_S2_
                0x10001300       0x5c CMakeFiles/protogl_gpu.dir/src/math/pgl_math.cpp.o
                0x10001300                PglMath::TriangleBounds2D(PglVec2 const&, PglVec2 const&, PglVec2 const&)
 .text._ZN7PglMath5ClampEfff
                0x1000135c       0x24 CMakeFiles/protogl_gpu.dir/src/math/pgl_math.cpp.o
                0x1000135c                PglMath::Clamp(float, float, float)
 .text._ZN7PglMath4LerpEfff
                0x10001380       0x1c CMakeFiles/protogl_gpu.dir/src/math/pgl_math.cpp.o
                0x10001380                PglMath::Lerp(float, float, float)
 .text._ZL14SimplexNoise3Dfff
                0x1000139c      0x3fc CMakeFiles/protogl_gpu.dir/src/render/rasterizer.cpp.o
 .text._ZL13SampleTextureRK11TextureSlotff
                0x10001798       0xcc CMakeFiles/protogl_gpu.dir/src/render/rasterizer.cpp.o
 .text._ZL16EvaluateMaterialRK12MaterialSlotRK7PglVec3S4_RK7PglVec2PK10SceneStatefh
                0x10001864     0x1134 CMakeFiles/protogl_gpu.dir/src/render/rasterizer.cpp.o
 .text._ZN10Rasterizer10InitializeEP10SceneStatePttt
                0x10002998       0x2c CMakeFiles/protogl_gpu.dir/src/render/rasterizer.cpp.o
                0x10002998                Rasterizer::Initialize(SceneState*, unsigned short*, unsigned short, unsigned short)
 .text._ZNK10Rasterizer21ComputeFrameSignatureEPK10SceneState
                0x100029c4      0x1a4 CMakeFiles/protogl_gpu.dir/src/render/rasterizer.cpp.o
                0x100029c4                Rasterizer::ComputeFrameSignature(SceneState const*) const
 .text._ZN10Rasterizer12PrepareFrameEP10SceneState
                0x10002b68      0x75c CMakeFiles/protogl_gpu.dir/src/render/rasterizer.cpp.o
                0x10002b68                Rasterizer::PrepareFrame(SceneState*)
 .text._ZN10Rasterizer13RasterizeTileEPtS0_tttt
                0x100032c4      0x394 CMakeFiles/protogl_gpu.dir/src/render/rasterizer.cpp.o
                0x100032c4                Rasterizer::RasterizeTile(unsigned short*, unsigned short*, unsigned short, unsigned short, unsigned short, unsigned short)
 .text.startup._GLOBAL__sub_I__ZN10Rasterizer10InitializeEP10SceneStatePttt
                0x10003658       0x40 CMakeFiles/protogl_gpu.dir/src/render/rasterizer.cpp.o
 .text._ZN8QuadTree10InitializeEtt
                0x10003698       0x44 CMakeFiles/protogl_gpu.dir/src/render/quadtree.cpp.o
                0x10003698                QuadTree::Initialize(unsigned short, unsigned short)
 .text._ZN8QuadTree5ClearEv
                0x100036dc       0x14 CMakeFiles/protogl_gpu.dir/src/render/quadtree.cpp.o
                0x100036dc                QuadTree::Clear()
 .text._ZN8QuadTree9SubdivideEt
                0x100036f0      0x264 CMakeFiles/protogl_gpu.dir/src/render/quadtree.cpp.o
                0x100036f0                QuadTree::Subdivide(unsigned short)
 .text._ZN8QuadTree10InsertIntoEttRKN7PglMath6AABB2DEh
                0x10003954       0xc4 CMakeFiles/protogl_gpu.dir/src/render/quadtree.cpp.o
                0x10003954                QuadTree::InsertInto(unsigned short, unsigned short, PglMath::AABB2D const&, unsigned char)
 .text._ZN8QuadTree6InsertEtRKN7PglMath6AABB2DE
                0x10003a18       0x44 CMakeFiles/protogl_gpu.dir/src/render/quadtree.cpp.o
                0x10003a18                QuadTree::Insert(unsigned short, PglMath::AABB2D const&)
 .text._ZNK8QuadTree9QueryNodeEtffffPttRtPm
                0x10003a5c      0x124 CMakeFiles/protogl_gpu.dir/src/render/quadtree.cpp.o
                0x10003a5c                QuadTree::QueryNode(unsigned short, float, float, float, float, unsigned short*, unsigned short, unsigned short&, unsigned long*) const
 .text._ZNK8QuadTree5QueryEffffPtt
                0x10003b80       0x68 CMakeFiles/protogl_gpu.dir/src/render/quadtree.cpp.o
                0x10003b80                QuadTree::Query(float, float, float, float, unsigned short*, unsigned short) const
 .text._ZN10Triangle2D5SetupERK7PglVec2S2_S2_fff
                0x10003be8       0xbc CMakeFiles/protogl_gpu.dir/src/render/triangle2d.cpp.o
                0x10003be8                Triangle2D::Setup(PglVec2 const&, PglVec2 const&, PglVec2 const&, float, float, float)
 .text._ZNK10Triangle2D11BarycentricEffRfS0_S0_
                0x10003ca4       0x98 CMakeFiles/protogl_gpu.dir/src/render/triangle2d.cpp.o
                0x10003ca4                Triangle2D::Barycentric(float, float, float&, float&, float&) const
 .text._ZNK10Triangle2D12InterpolateZEfff
                0x10003d3c       0x2c CMakeFiles/protogl_gpu.dir/src/render/triangle2d.cpp.o
                0x10003d3c                Triangle2D::InterpolateZ(float, float, float) const
 .text._ZNK10Triangle2D13InterpolateUVEfff
                0x10003d68       0x4c CMakeFiles/protogl_gpu.dir/src/render/triangle2d.cpp.o
                0x10003d68                Triangle2D::InterpolateUV(float, float, float) const
 .text._ZN16PglTileScheduler10InitializeEv
                0x10003db4       0x30 CMakeFiles/protogl_gpu.dir/src/scheduler/pgl_tile_scheduler.cpp.o
                0x10003db4                PglTileScheduler::Initialize()
 .text._ZN16PglTileScheduler12ProcessTilesEP15TilePassContext
                0x10003de4       0x5c CMakeFiles/protogl_gpu.dir/src/scheduler/pgl_tile_scheduler.cpp.o
                0x10003de4                PglTileScheduler::ProcessTiles(TilePassContext*)
 .text._ZN16PglTileScheduler9Core1MainEv
                0x10003e40       0x70 CMakeFiles/protogl_gpu.dir/src/scheduler/pgl_tile_scheduler.cpp.o
                0x10003e40                PglTileScheduler::Core1Main()
 .text._ZN16PglTileScheduler16DispatchTilePassEP10RasterizerPtS2_ttPFvvE
                0x10003eb0       0x74 CMakeFiles/protogl_gpu.dir/src/scheduler/pgl_tile_scheduler.cpp.o
                0x10003eb0                PglTileScheduler::DispatchTilePass(Rasterizer*, unsigned short*, unsigned short*, unsigned short, unsigned short, void (*)())
 .text._ZN7Ssd133110InitializeEv
                0x10003f24      0x478 CMakeFiles/protogl_gpu.dir/src/selftest/ssd1331_driver.cpp.o
                0x10003f24                Ssd1331::Initialize()
 .text._ZN7Ssd133115PushFramebufferEPKt
                0x1000439c       0xf4 CMakeFiles/protogl_gpu.dir/src/selftest/ssd1331_driver.cpp.o
                0x1000439c                Ssd1331::PushFramebuffer(unsigned short const*)
 .text._ZL8IntToStrlPch.part.0.constprop.0
                0x10004490       0x60 CMakeFiles/protogl_gpu.dir/src/selftest/headless_selftest.cpp.o
 .text._ZL12DrawStringToPtttttPKct.constprop.0
                0x100044f0       0x8c CMakeFiles/protogl_gpu.dir/src/selftest/headless_selftest.cpp.o
 .text._ZN16HeadlessSelfTest10BuildSceneEP10SceneState
                0x1000457c      0x664 CMakeFiles/protogl_gpu.dir/src/selftest/headless_selftest.cpp.o
                0x1000457c                HeadlessSelfTest::BuildScene(SceneState*)
 .text._ZN16HeadlessSelfTest14UpdateDrawListEP10SceneStatefff
                0x10004be0      0x224 CMakeFiles/protogl_gpu.dir/src/selftest/headless_selftest.cpp.o
                0x10004be0                HeadlessSelfTest::UpdateDrawList(SceneState*, float, float, float)
 .text._ZN16HeadlessSelfTest7DrawHUDEPttttt
                0x10004e04      0x130 CMakeFiles/protogl_gpu.dir/src/selftest/headless_selftest.cpp.o
                0x10004e04                HeadlessSelfTest::DrawHUD(unsigned short*, unsigned short, unsigned short, unsigned short, unsigned short)
 .text._Z8pgc_initv
                0x10004f34       0x20 CMakeFiles/protogl_gpu.dir/home/polar/MCUGPU/ProtoGC/src/pgc_pico.cpp.o
                0x10004f34                pgc_init()
 .text._Z10pgc_mallocjm
                0x10004f54        0xc CMakeFiles/protogl_gpu.dir/home/polar/MCUGPU/ProtoGC/src/pgc_pico.cpp.o
                0x10004f54                pgc_malloc(unsigned int, unsigned long)
 .text.gpio_set_function
                0x10004f60       0x3c CMakeFiles/protogl_gpu.dir/home/polar/pico/pico-sdk/src/rp2_common/hardware_gpio/gpio.c.o
                0x10004f60                gpio_set_function
 .text.gpio_init
                0x10004f9c       0x48 CMakeFiles/protogl_gpu.dir/home/polar/pico/pico-sdk/src/rp2_common/hardware_gpio/gpio.c.o
                0x10004f9c                gpio_init
 .text.panic    0x10004fe4       0x30 CMakeFiles/protogl_gpu.dir/home/polar/pico/pico-sdk/src/rp2_common/pico_platform_panic/panic.c.o
                0x10004fe4                panic
 .text.hw_claim_or_assert
                0x10005014       0x58 CMakeFiles/protogl_gpu.dir/home/polar/pico/pico-sdk/src/common/hardware_claim/claim.c.o
                0x10005014                hw_claim_or_assert
 .text.hw_claim_unused_from_range
                0x1000506c       0x9c CMakeFiles/protogl_gpu.dir/home/polar/pico/pico-sdk/src/common/hardware_claim/claim.c.o
                0x1000506c                hw_claim_unused_from_range
 .text.next_striped_spin_lock_num
                0x10005108       0x18 CMakeFiles/protogl_gpu.dir/home/polar/pico/pico-sdk/src/rp2_common/hardware_sync/sync.c.o
                0x10005108                next_striped_spin_lock_num
 .text.spin_lock_claim_unused
                0x10005120       0x20 CMakeFiles/protogl_gpu.dir/home/polar/pico/pico-sdk/src/rp2_common/hardware_sync/sync.c.o
                0x10005120                spin_lock_claim_unused
 .text.spinlock_set_extexclall
                0x10005140       0x10 CMakeFiles/protogl_gpu.dir/home/polar/pico/pico-sdk/src/rp2_common/hardware_sync_spin_lock/sync_spin_lock.c.o
 .text.spin_locks_reset
                0x10005150       0x18 CMakeFiles/protogl_gpu.dir/home/polar/pico/pico-sdk/src/rp2_common/hardware_sync_spin_lock/sync_spin_lock.c.o
                0x10005150                spin_locks_reset
 .text.runtime_init_per_core_irq_priorities
                0x10005168       0x20 CMakeFiles/protogl_gpu.dir/home/polar/pico/pico-sdk/src/rp2_common/hardware_irq/irq.c.o
                0x10005168                runtime_init_per_core_irq_priorities
 .text.irq_set_enabled
                0x10005188       0x2c CMakeFiles/protogl_gpu.dir/home/polar/pico/pico-sdk/src/rp2_common/hardware_irq/irq.c.o
                0x10005188                irq_set_enabled
 .text.irq_is_enabled
                0x100051b4       0x20 CMakeFiles/protogl_gpu.dir/home/polar/pico/pico-sdk/src/rp2_common/hardware_irq/irq.c.o
                0x100051b4                irq_is_enabled
 .text.irq_set_exclusive_handler
                0x100051d4       0x5c CMakeFiles/protogl_gpu.dir/home/polar/pico/pico-sdk/src/rp2_common/hardware_irq/irq.c.o
                0x100051d4                irq_set_exclusive_handler
 .text.irq_remove_handler
                0x10005230      0x1ec CMakeFiles/protogl_gpu.dir/home/polar/pico/pico-sdk/src/rp2_common/hardware_irq/irq.c.o
                0x10005230                irq_remove_handler
 .text.irq_add_tail_to_free_list
                0x1000541c       0xa8 CMakeFiles/protogl_gpu.dir/home/polar/pico/pico-sdk/src/rp2_common/hardware_irq/irq.c.o
                0x1000541c                irq_add_tail_to_free_list
 .text.lock_init
                0x100054c4        0xc CMakeFiles/protogl_gpu.dir/home/polar/pico/pico-sdk/src/common/pico_sync/lock_core.c.o
                0x100054c4                lock_init
 .text.runtime_init_mutex
                0x100054d0       0x50 CMakeFiles/protogl_gpu.dir/home/polar/pico/pico-sdk/src/common/pico_sync/mutex.c.o
                0x100054d0                runtime_init_mutex
 .text.critical_section_init
                0x10005520       0x1c CMakeFiles/protogl_gpu.dir/home/polar/pico/pico-sdk/src/common/pico_sync/critical_section.c.o
                0x10005520                critical_section_init
 .text.sleep_until_callback
                0x1000553c       0x4c CMakeFiles/protogl_gpu.dir/home/polar/pico/pico-sdk/src/common/pico_time/time.c.o
 .text.alarm_pool_irq_handler
                0x10005588      0x2f0 CMakeFiles/protogl_gpu.dir/home/polar/pico/pico-sdk/src/common/pico_time/time.c.o
 .text.runtime_init_default_alarm_pool
                0x10005878       0xa0 CMakeFiles/protogl_gpu.dir/home/polar/pico/pico-sdk/src/common/pico_time/time.c.o
                0x10005878                runtime_init_default_alarm_pool
 .text.alarm_pool_add_alarm_at_force_in_context
                0x10005918       0xc8 CMakeFiles/protogl_gpu.dir/home/polar/pico/pico-sdk/src/common/pico_time/time.c.o
                0x10005918                alarm_pool_add_alarm_at_force_in_context
 .text.alarm_pool_cancel_alarm
                0x100059e0       0x80 CMakeFiles/protogl_gpu.dir/home/polar/pico/pico-sdk/src/common/pico_time/time.c.o
                0x100059e0                alarm_pool_cancel_alarm
 .text.sleep_until
                0x10005a60       0xd4 CMakeFiles/protogl_gpu.dir/home/polar/pico/pico-sdk/src/common/pico_time/time.c.o
                0x10005a60                sleep_until
 .text.sleep_ms
                0x10005b34       0x2c CMakeFiles/protogl_gpu.dir/home/polar/pico/pico-sdk/src/common/pico_time/time.c.o
                0x10005b34                sleep_ms
 .text.best_effort_wfe_or_timeout
                0x10005b60       0xd4 CMakeFiles/protogl_gpu.dir/home/polar/pico/pico-sdk/src/common/pico_time/time.c.o
                0x10005b60                best_effort_wfe_or_timeout
 .text.timer_hardware_alarm_claim
                0x10005c34       0x24 CMakeFiles/protogl_gpu.dir/home/polar/pico/pico-sdk/src/rp2_common/hardware_timer/timer.c.o
                0x10005c34                timer_hardware_alarm_claim
 .text.timer_time_us_64
                0x10005c58       0x10 CMakeFiles/protogl_gpu.dir/home/polar/pico/pico-sdk/src/rp2_common/hardware_timer/timer.c.o
                0x10005c58                timer_time_us_64
 .text.time_us_64
                0x10005c68       0x14 CMakeFiles/protogl_gpu.dir/home/polar/pico/pico-sdk/src/rp2_common/hardware_timer/timer.c.o
                0x10005c68                time_us_64
 .text.busy_wait_us
                0x10005c7c       0x64 CMakeFiles/protogl_gpu.dir/home/polar/pico/pico-sdk/src/rp2_common/hardware_timer/timer.c.o
                0x10005c7c                busy_wait_us
 .text.busy_wait_until
                0x10005ce0       0x24 CMakeFiles/protogl_gpu.dir/home/polar/pico/pico-sdk/src/rp2_common/hardware_timer/timer.c.o
                0x10005ce0                busy_wait_until
 .text.uart_set_baudrate
                0x10005d04       0x9c CMakeFiles/protogl_gpu.dir/home/polar/pico/pico-sdk/src/rp2_common/hardware_uart/uart.c.o
                0x10005d04                uart_set_baudrate
 .text.uart_init
                0x10005da0       0x80 CMakeFiles/protogl_gpu.dir/home/polar/pico/pico-sdk/src/rp2_common/hardware_uart/uart.c.o
                0x10005da0                uart_init
 .text.clock_configure_internal
                0x10005e20       0xcc CMakeFiles/protogl_gpu.dir/home/polar/pico/pico-sdk/src/rp2_common/hardware_clocks/clocks.c.o
 .text.clock_configure_undivided
                0x10005eec       0x14 CMakeFiles/protogl_gpu.dir/home/polar/pico/pico-sdk/src/rp2_common/hardware_clocks/clocks.c.o
                0x10005eec                clock_configure_undivided
 .text.clock_get_hz
                0x10005f00        0xc CMakeFiles/protogl_gpu.dir/home/polar/pico/pico-sdk/src/rp2_common/hardware_clocks/clocks.c.o
                0x10005f00                clock_get_hz
 .text.set_sys_clock_pll
                0x10005f0c       0x74 CMakeFiles/protogl_gpu.dir/home/polar/pico/pico-sdk/src/rp2_common/hardware_clocks/clocks.c.o
                0x10005f0c                set_sys_clock_pll
 .text.pll_init
                0x10005f80       0x8c CMakeFiles/protogl_gpu.dir/home/polar/pico/pico-sdk/src/rp2_common/hardware_pll/pll.c.o
                0x10005f80                pll_init
 .text.vreg_set_voltage
                0x1000600c       0x44 CMakeFiles/protogl_gpu.dir/home/polar/pico/pico-sdk/src/rp2_common/hardware_vreg/vreg.c.o
                0x1000600c                vreg_set_voltage
 .text.tick_start
                0x10006050       0x18 CMakeFiles/protogl_gpu.dir/home/polar/pico/pico-sdk/src/rp2_common/hardware_ticks/ticks.c.o
                0x10006050                tick_start
 .text.rom_func_lookup
                0x10006068       0x18 CMakeFiles/protogl_gpu.dir/home/polar/pico/pico-sdk/src/rp2_common/pico_bootrom/bootrom.c.o
                0x10006068                rom_func_lookup
 .text.runtime_init_bootrom_locking_enable
                0x10006080       0x14 CMakeFiles/protogl_gpu.dir/home/polar/pico/pico-sdk/src/rp2_common/pico_bootrom/bootrom_lock.c.o
                0x10006080                runtime_init_bootrom_locking_enable
 .text.runtime_init_boot_locks_reset
                0x10006094       0x1c CMakeFiles/protogl_gpu.dir/home/polar/pico/pico-sdk/src/rp2_common/hardware_boot_lock/boot_lock.c.o
                0x10006094                runtime_init_boot_locks_reset
 .text.xosc_init
                0x100060b0       0x30 CMakeFiles/protogl_gpu.dir/home/polar/pico/pico-sdk/src/rp2_common/hardware_xosc/xosc.c.o
                0x100060b0                xosc_init
 .text.first_per_core_initializer
                0x100060e0        0x4 CMakeFiles/protogl_gpu.dir/home/polar/pico/pico-sdk/src/rp2_common/pico_runtime/runtime.c.o
 .text.hard_assertion_failure
                0x100060e4        0xc CMakeFiles/protogl_gpu.dir/home/polar/pico/pico-sdk/src/rp2_common/pico_runtime/runtime.c.o
                0x100060e4                hard_assertion_failure
 .text.runtime_run_initializers
                0x100060f0       0x20 CMakeFiles/protogl_gpu.dir/home/polar/pico/pico-sdk/src/rp2_common/pico_runtime/runtime.c.o
                0x100060f0                runtime_run_initializers
 .text.runtime_run_per_core_initializers
                0x10006110       0x20 CMakeFiles/protogl_gpu.dir/home/polar/pico/pico-sdk/src/rp2_common/pico_runtime/runtime.c.o
                0x10006110                runtime_run_per_core_initializers
 .text.runtime_init_early_resets
                0x10006130       0x34 CMakeFiles/protogl_gpu.dir/home/polar/pico/pico-sdk/src/rp2_common/pico_runtime_init/runtime_init.c.o
                0x10006130                runtime_init_early_resets
 .text.runtime_init_usb_power_down
                0x10006164       0x1c CMakeFiles/protogl_gpu.dir/home/polar/pico/pico-sdk/src/rp2_common/pico_runtime_init/runtime_init.c.o
                0x10006164                runtime_init_usb_power_down
 .text.runtime_init_per_core_enable_coprocessors
                0x10006180       0x1c CMakeFiles/protogl_gpu.dir/home/polar/pico/pico-sdk/src/rp2_common/pico_runtime_init/runtime_init.c.o
                0x10006180                runtime_init_per_core_enable_coprocessors
 .text.runtime_init_post_clock_resets
                0x1000619c       0x20 CMakeFiles/protogl_gpu.dir/home/polar/pico/pico-sdk/src/rp2_common/pico_runtime_init/runtime_init.c.o
                0x1000619c                runtime_init_post_clock_resets
 .text.runtime_init_bootrom_reset
                0x100061bc       0x14 CMakeFiles/protogl_gpu.dir/home/polar/pico/pico-sdk/src/rp2_common/pico_runtime_init/runtime_init.c.o
                0x100061bc                runtime_init_bootrom_reset
 .text.runtime_init_per_core_bootrom_reset
                0x100061d0       0x14 CMakeFiles/protogl_gpu.dir/home/polar/pico/pico-sdk/src/rp2_common/pico_runtime_init/runtime_init.c.o
                0x100061d0                runtime_init_per_core_bootrom_reset
 .text.runtime_init_spin_locks_reset
                0x100061e4        0x4 CMakeFiles/protogl_gpu.dir/home/polar/pico/pico-sdk/src/rp2_common/pico_runtime_init/runtime_init.c.o
                0x100061e4                runtime_init_spin_locks_reset
 .text.runtime_init_install_ram_vector_table
                0x100061e8       0x54 CMakeFiles/protogl_gpu.dir/home/polar/pico/pico-sdk/src/rp2_common/pico_runtime_init/runtime_init.c.o
                0x100061e8                runtime_init_install_ram_vector_table
 .text.runtime_init_clocks
                0x1000623c       0xdc CMakeFiles/protogl_gpu.dir/home/polar/pico/pico-sdk/src/rp2_common/pico_runtime_init/runtime_init_clocks.c.o
                0x1000623c                runtime_init_clocks
 .text.__rp2350_dcp_engaged_state_save_restore
                0x10006318       0x3a CMakeFiles/protogl_gpu.dir/home/polar/pico/pico-sdk/src/rp2_common/pico_double/double_aeabi_dcp.S.o
 *fill*         0x10006352        0x2 
 .text.__wrap___aeabi_dadd
                0x10006354       0x28 CMakeFiles/protogl_gpu.dir/home/polar/pico/pico-sdk/src/rp2_common/pico_double/double_aeabi_dcp.S.o
                0x1000635c                __wrap___aeabi_dadd
 .text.__wrap___aeabi_dsub
                0x1000637c       0x28 CMakeFiles/protogl_gpu.dir/home/polar/pico/pico-sdk/src/rp2_common/pico_double/double_aeabi_dcp.S.o
                0x10006384                __wrap___aeabi_dsub
 .text.__wrap___aeabi_dmul
                0x100063a4       0x48 CMakeFiles/protogl_gpu.dir/home/polar/pico/pico-sdk/src/rp2_common/pico_double/double_aeabi_dcp.S.o
                0x100063ac                __wrap___aeabi_dmul
 .text.__wrap___aeabi_ddiv
                0x100063ec       0x9c CMakeFiles/protogl_gpu.dir/home/polar/pico/pico-sdk/src/rp2_common/pico_double/double_aeabi_dcp.S.o
                0x100063f4                __wrap___aeabi_ddiv
 .text.__wrap___aeabi_i2d
                0x10006488       0x24 CMakeFiles/protogl_gpu.dir/home/polar/pico/pico-sdk/src/rp2_common/pico_double/double_aeabi_dcp.S.o
                0x10006490                __wrap___aeabi_i2d
                0x10006490                int2double
 .text.__wrap___aeabi_ui2d
                0x100064ac       0x24 CMakeFiles/protogl_gpu.dir/home/polar/pico/pico-sdk/src/rp2_common/pico_double/double_aeabi_dcp.S.o
                0x100064b4                __wrap___aeabi_ui2d
                0x100064b4                uint2double
 .text.__wrap___aeabi_d2iz
                0x100064d0       0x24 CMakeFiles/protogl_gpu.dir/home/polar/pico/pico-sdk/src/rp2_common/pico_double/double_aeabi_dcp.S.o
                0x100064d8                __wrap___aeabi_d2iz
                0x100064d8                double2int_z
 .text.__wrap___aeabi_d2uiz
                0x100064f4       0x24 CMakeFiles/protogl_gpu.dir/home/polar/pico/pico-sdk/src/rp2_common/pico_double/double_aeabi_dcp.S.o
                0x100064fc                double2uint_z
                0x100064fc                double2uint
                0x100064fc                __wrap___aeabi_d2uiz
 .text.__wrap___aeabi_dcmpeq
                0x10006518       0x24 CMakeFiles/protogl_gpu.dir/home/polar/pico/pico-sdk/src/rp2_common/pico_double/double_aeabi_dcp.S.o
                0x10006520                __wrap___aeabi_dcmpeq
 .text.__wrap___aeabi_dcmplt
                0x1000653c       0x28 CMakeFiles/protogl_gpu.dir/home/polar/pico/pico-sdk/src/rp2_common/pico_double/double_aeabi_dcp.S.o
                0x10006544                __wrap___aeabi_dcmplt
 .text.__wrap___aeabi_dcmpge
                0x10006564       0x28 CMakeFiles/protogl_gpu.dir/home/polar/pico/pico-sdk/src/rp2_common/pico_double/double_aeabi_dcp.S.o
                0x1000656c                __wrap___aeabi_dcmpge
 .text.__wrap___aeabi_dcmpgt
                0x1000658c       0x28 CMakeFiles/protogl_gpu.dir/home/polar/pico/pico-sdk/src/rp2_common/pico_double/double_aeabi_dcp.S.o
                0x10006594                __wrap___aeabi_dcmpgt
 .text.frem_0   0x100065b4       0x88 CMakeFiles/protogl_gpu.dir/home/polar/pico/pico-sdk/src/rp2_common/pico_float/float_math.c.o
 .text.__wrap_fmodf
                0x1000663c       0x50 CMakeFiles/protogl_gpu.dir/home/polar/pico/pico-sdk/src/rp2_common/pico_float/float_math.c.o
                0x1000663c                __wrap_fmodf
 .text.__wrap_conv_tof
                0x1000668c      0x1d0 CMakeFiles/protogl_gpu.dir/home/polar/pico/pico-sdk/src/rp2_common/pico_float/float_common_m33.S.o
                0x1000668c                int642float
                0x1000668c                __wrap___aeabi_l2f
                0x1000668e                fix642float
                0x1000671c                fix2float
                0x10006786                ufix2float
                0x100067e2                __wrap___aeabi_ul2f
                0x100067e2                uint642float
                0x100067e4                ufix642float
 .text.frrcore_v
                0x1000685c       0x54 CMakeFiles/protogl_gpu.dir/home/polar/pico/pico-sdk/src/rp2_common/pico_float/float_sci_m33_vfp.S.o
 .text.__wrap_fsin_fcos
                0x100068b0      0x388 CMakeFiles/protogl_gpu.dir/home/polar/pico/pico-sdk/src/rp2_common/pico_float/float_sci_m33_vfp.S.o
                0x1000698c                __wrap_sincosf
                0x100069f8                __wrap_sinf
                0x100069fe                __wrap_cosf
 .text.__wrap_malloc
                0x10006c38       0x38 CMakeFiles/protogl_gpu.dir/home/polar/pico/pico-sdk/src/rp2_common/pico_malloc/malloc.c.o
                0x10006c38                __wrap_malloc
 .text.__wrap_free
                0x10006c70       0x20 CMakeFiles/protogl_gpu.dir/home/polar/pico/pico-sdk/src/rp2_common/pico_malloc/malloc.c.o
                0x10006c70                __wrap_free
 .text._out_null
                0x10006c90        0x4 CMakeFiles/protogl_gpu.dir/home/polar/pico/pico-sdk/src/rp2_common/pico_printf/printf.c.o
 .text._out_rev
                0x10006c94       0x9c CMakeFiles/protogl_gpu.dir/home/polar/pico/pico-sdk/src/rp2_common/pico_printf/printf.c.o
 .text._ntoa_format
                0x10006d30      0x2a8 CMakeFiles/protogl_gpu.dir/home/polar/pico/pico-sdk/src/rp2_common/pico_printf/printf.c.o
 .text._ntoa_long
                0x10006fd8       0x94 CMakeFiles/protogl_gpu.dir/home/polar/pico/pico-sdk/src/rp2_common/pico_printf/printf.c.o
 .text._ntoa_long_long
                0x1000706c       0xbc CMakeFiles/protogl_gpu.dir/home/polar/pico/pico-sdk/src/rp2_common/pico_printf/printf.c.o
 .text._etoa    0x10007128      0x394 CMakeFiles/protogl_gpu.dir/home/polar/pico/pico-sdk/src/rp2_common/pico_printf/printf.c.o
 *fill*         0x100074bc        0x4 
 .text._ftoa    0x100074c0      0x310 CMakeFiles/protogl_gpu.dir/home/polar/pico/pico-sdk/src/rp2_common/pico_printf/printf.c.o
 .text._out_char
                0x100077d0        0x8 CMakeFiles/protogl_gpu.dir/home/polar/pico/pico-sdk/src/rp2_common/pico_printf/printf.c.o
 .text._out_fct
                0x100077d8        0xc CMakeFiles/protogl_gpu.dir/home/polar/pico/pico-sdk/src/rp2_common/pico_printf/printf.c.o
 *fill*         0x100077e4        0x4 
 .text._vsnprintf
                0x100077e8      0x688 CMakeFiles/protogl_gpu.dir/home/polar/pico/pico-sdk/src/rp2_common/pico_printf/printf.c.o
 .text.vfctprintf
                0x10007e70       0x28 CMakeFiles/protogl_gpu.dir/home/polar/pico/pico-sdk/src/rp2_common/pico_printf/printf.c.o
                0x10007e70                vfctprintf
 .text.weak_raw_vprintf
                0x10007e98       0x30 CMakeFiles/protogl_gpu.dir/home/polar/pico/pico-sdk/src/rp2_common/pico_printf/printf.c.o
                0x10007e98                weak_raw_vprintf
 .text._exit    0x10007ec8        0x4 CMakeFiles/protogl_gpu.dir/home/polar/pico/pico-sdk/src/rp2_common/pico_clib_interface/newlib_interface.c.o
                0x10007ec8                _exit
 .text._fini    0x10007ecc        0x4 CMakeFiles/protogl_gpu.dir/home/polar/pico/pico-sdk/src/rp2_common/pico_clib_interface/newlib_interface.c.o
                0x10007ecc                _fini
 .text._sbrk    0x10007ed0       0x2c CMakeFiles/protogl_gpu.dir/home/polar/pico/pico-sdk/src/rp2_common/pico_clib_interface/newlib_interface.c.o
                0x10007ed0                _sbrk
 .text.exit     0x10007efc        0x8 CMakeFiles/protogl_gpu.dir/home/polar/pico/pico-sdk/src/rp2_common/pico_clib_interface/newlib_interface.c.o
                0x10007efc                exit
 .text.runtime_init
                0x10007f04       0x24 CMakeFiles/protogl_gpu.dir/home/polar/pico/pico-sdk/src/rp2_common/pico_clib_interface/newlib_interface.c.o
                0x10007f04                runtime_init
 .text.stdio_out_chars_no_crlf
                0x10007f28        0x8 CMakeFiles/protogl_gpu.dir/home/polar/pico/pico-sdk/src/rp2_common/pico_stdio/stdio.c.o
 .text.stdio_out_chars_crlf
                0x10007f30       0xac CMakeFiles/protogl_gpu.dir/home/polar/pico/pico-sdk/src/rp2_common/pico_stdio/stdio.c.o
 .text.stdio_stack_buffer_flush.part.0
                0x10007fdc       0x40 CMakeFiles/protogl_gpu.dir/home/polar/pico/pico-sdk/src/rp2_common/pico_stdio/stdio.c.o
 .text.stdio_buffered_printer
                0x1000801c       0x18 CMakeFiles/protogl_gpu.dir/home/polar/pico/pico-sdk/src/rp2_common/pico_stdio/stdio.c.o
 .text.stdio_put_string
                0x10008034       0xc4 CMakeFiles/protogl_gpu.dir/home/polar/pico/pico-sdk/src/rp2_common/pico_stdio/stdio.c.o
                0x10008034                stdio_put_string
 .text.stdio_set_driver_enabled
                0x100080f8       0x30 CMakeFiles/protogl_gpu.dir/home/polar/pico/pico-sdk/src/rp2_common/pico_stdio/stdio.c.o
                0x100080f8                stdio_set_driver_enabled
 .text.stdio_init_all
                0x10008128        0xc CMakeFiles/protogl_gpu.dir/home/polar/pico/pico-sdk/src/rp2_common/pico_stdio/stdio.c.o
                0x10008128                stdio_init_all
 .text.__wrap_putchar
                0x10008134       0x20 CMakeFiles/protogl_gpu.dir/home/polar/pico/pico-sdk/src/rp2_common/pico_stdio/stdio.c.o
                0x10008134                stdio_putchar
                0x10008134                __wrap_putchar
 .text.__wrap_puts
                0x10008154       0x30 CMakeFiles/protogl_gpu.dir/home/polar/pico/pico-sdk/src/rp2_common/pico_stdio/stdio.c.o
                0x10008154                __wrap_puts
                0x10008154                stdio_puts
 .text.__wrap_vprintf
                0x10008184       0x84 CMakeFiles/protogl_gpu.dir/home/polar/pico/pico-sdk/src/rp2_common/pico_stdio/stdio.c.o
                0x10008184                __wrap_vprintf
                0x10008184                stdio_vprintf
 .text.__wrap_printf
                0x10008208       0x1c CMakeFiles/protogl_gpu.dir/home/polar/pico/pico-sdk/src/rp2_common/pico_stdio/stdio.c.o
                0x10008208                stdio_printf
                0x10008208                __wrap_printf
 .text.stdio_uart_out_chars
                0x10008224       0x50 CMakeFiles/protogl_gpu.dir/home/polar/pico/pico-sdk/src/rp2_common/pico_stdio_uart/stdio_uart.c.o
 .text.stdio_uart_in_chars
                0x10008274       0x94 CMakeFiles/protogl_gpu.dir/home/polar/pico/pico-sdk/src/rp2_common/pico_stdio_uart/stdio_uart.c.o
                0x10008274                stdio_uart_in_chars
 .text.on_uart_rx
                0x10008308       0x24 CMakeFiles/protogl_gpu.dir/home/polar/pico/pico-sdk/src/rp2_common/pico_stdio_uart/stdio_uart.c.o
 .text.stdio_uart_out_flush
                0x1000832c       0x10 CMakeFiles/protogl_gpu.dir/home/polar/pico/pico-sdk/src/rp2_common/pico_stdio_uart/stdio_uart.c.o
 .text.stdio_uart_set_chars_available_callback
                0x1000833c       0x88 CMakeFiles/protogl_gpu.dir/home/polar/pico/pico-sdk/src/rp2_common/pico_stdio_uart/stdio_uart.c.o
 .text.stdio_uart_init
                0x100083c4       0x54 CMakeFiles/protogl_gpu.dir/home/polar/pico/pico-sdk/src/rp2_common/pico_stdio_uart/stdio_uart.c.o
                0x100083c4                stdio_uart_init
 .text.runtime_init_per_core_tls_setup
                0x10008418        0xc CMakeFiles/protogl_gpu.dir/home/polar/pico/pico-sdk/src/rp2_common/pico_thread_local/thread_local.c.o
                0x10008418                runtime_init_per_core_tls_setup
 .text.core1_trampoline
                0x10008424        0x4 CMakeFiles/protogl_gpu.dir/home/polar/pico/pico-sdk/src/rp2_common/pico_multicore/multicore.c.o
 .text.core1_wrapper
                0x10008428       0x10 CMakeFiles/protogl_gpu.dir/home/polar/pico/pico-sdk/src/rp2_common/pico_multicore/multicore.c.o
                0x10008428                core1_wrapper
 .text.multicore_fifo_push_blocking
                0x10008438       0x10 CMakeFiles/protogl_gpu.dir/home/polar/pico/pico-sdk/src/rp2_common/pico_multicore/multicore.c.o
                0x10008438                multicore_fifo_push_blocking
 .text.multicore_fifo_pop_blocking
                0x10008448       0x1c CMakeFiles/protogl_gpu.dir/home/polar/pico/pico-sdk/src/rp2_common/pico_multicore/multicore.c.o
                0x10008448                multicore_fifo_pop_blocking
 .text.multicore_launch_core1_raw
                0x10008464       0x90 CMakeFiles/protogl_gpu.dir/home/polar/pico/pico-sdk/src/rp2_common/pico_multicore/multicore.c.o
                0x10008464                multicore_launch_core1_raw
 .text.multicore_launch_core1
                0x100084f4       0x48 CMakeFiles/protogl_gpu.dir/home/polar/pico/pico-sdk/src/rp2_common/pico_multicore/multicore.c.o
                0x100084f4                multicore_launch_core1
 .text.dma_claim_unused_channel
                0x1000853c       0x20 CMakeFiles/protogl_gpu.dir/home/polar/pico/pico-sdk/src/rp2_common/hardware_dma/dma.c.o
                0x1000853c                dma_claim_unused_channel
 .text.spi_set_baudrate
                0x1000855c       0x9c CMakeFiles/protogl_gpu.dir/home/polar/pico/pico-sdk/src/rp2_common/hardware_spi/spi.c.o
                0x1000855c                spi_set_baudrate
 .text.spi_init
                0x100085f8       0x70 CMakeFiles/protogl_gpu.dir/home/polar/pico/pico-sdk/src/rp2_common/hardware_spi/spi.c.o
                0x100085f8                spi_init
 .text.spi_get_baudrate
                0x10008668       0x1c CMakeFiles/protogl_gpu.dir/home/polar/pico/pico-sdk/src/rp2_common/hardware_spi/spi.c.o
                0x10008668                spi_get_baudrate
 .text.strlen   0x10008684       0x5c /home/polar/toolchains/arm-gnu-toolchain-13.3.rel1-x86_64-arm-none-eabi/bin/../lib/gcc/arm-none-eabi/13.3.1/../../../../arm-none-eabi/lib/thumb/v8-m.main+fp/softfp/libg.a(libc_a-strlen-stub.o)
                0x10008684                strlen
 .text.malloc   0x100086e0       0x10 /home/polar/toolchains/arm-gnu-toolchain-13.3.rel1-x86_64-arm-none-eabi/bin/../lib/gcc/arm-none-eabi/13.3.1/../../../../arm-none-eabi/lib/thumb/v8-m.main+fp/softfp/libg.a(libc_a-malloc.o)
                0x100086e0                malloc
 .text.free     0x100086f0       0x10 /home/polar/toolchains/arm-gnu-toolchain-13.3.rel1-x86_64-arm-none-eabi/bin/../lib/gcc/arm-none-eabi/13.3.1/../../../../arm-none-eabi/lib/thumb/v8-m.main+fp/softfp/libg.a(libc_a-malloc.o)
                0x100086f0                free
 .text._malloc_r
                0x10008700      0x554 /home/polar/toolchains/arm-gnu-toolchain-13.3.rel1-x86_64-arm-none-eabi/bin/../lib/gcc/arm-none-eabi/13.3.1/../../../../arm-none-eabi/lib/thumb/v8-m.main+fp/softfp/libg.a(libc_a-mallocr.o)
                0x10008700                _malloc_r
 .text._sbrk_r  0x10008c54       0x24 /home/polar/toolchains/arm-gnu-toolchain-13.3.rel1-x86_64-arm-none-eabi/bin/../lib/gcc/arm-none-eabi/13.3.1/../../../../arm-none-eabi/lib/thumb/v8-m.main+fp/softfp/libg.a(libc_a-sbrkr.o)
                0x10008c54                _sbrk_r
 .text.__malloc_lock
                0x10008c78        0xc /home/polar/toolchains/arm-gnu-toolchain-13.3.rel1-x86_64-arm-none-eabi/bin/../lib/gcc/arm-none-eabi/13.3.1/../../../../arm-none-eabi/lib/thumb/v8-m.main+fp/softfp/libg.a(libc_a-mlock.o)
                0x10008c78                __malloc_lock
 .text.__malloc_unlock
                0x10008c84        0xc /home/polar/toolchains/arm-gnu-toolchain-13.3.rel1-x86_64-arm-none-eabi/bin/../lib/gcc/arm-none-eabi/13.3.1/../../../../arm-none-eabi/lib/thumb/v8-m.main+fp/softfp/libg.a(libc_a-mlock.o)
                0x10008c84                __malloc_unlock
 .text.__retarget_lock_acquire_recursive
                0x10008c90        0x4 /home/polar/toolchains/arm-gnu-toolchain-13.3.rel1-x86_64-arm-none-eabi/bin/../lib/gcc/arm-none-eabi/13.3.1/../../../../arm-none-eabi/lib/thumb/v8-m.main+fp/softfp/libg.a(libc_a-lock.o)
                0x10008c90                __retarget_lock_acquire_recursive
 .text.__retarget_lock_release_recursive
                0x10008c94        0x4 /home/polar/toolchains/arm-gnu-toolchain-13.3.rel1-x86_64-arm-none-eabi/bin/../lib/gcc/arm-none-eabi/13.3.1/../../../../arm-none-eabi/lib/thumb/v8-m.main+fp/softfp/libg.a(libc_a-lock.o)
                0x10008c94                __retarget_lock_release_recursive
 .text.sysconf  0x10008c98       0x1c /home/polar/toolchains/arm-gnu-toolchain-13.3.rel1-x86_64-arm-none-eabi/bin/../lib/gcc/arm-none-eabi/13.3.1/../../../../arm-none-eabi/lib/thumb/v8-m.main+fp/softfp/libg.a(libc_a-sysconf.o)
                0x10008c98                sysconf
 .text._malloc_trim_r
                0x10008cb4       0xb8 /home/polar/toolchains/arm-gnu-toolchain-13.3.rel1-x86_64-arm-none-eabi/bin/../lib/gcc/arm-none-eabi/13.3.1/../../../../arm-none-eabi/lib/thumb/v8-m.main+fp/softfp/libg.a(libc_a-freer.o)
                0x10008cb4                _malloc_trim_r
 .text._free_r  0x10008d6c      0x1f8 /home/polar/toolchains/arm-gnu-toolchain-13.3.rel1-x86_64-arm-none-eabi/bin/../lib/gcc/arm-none-eabi/13.3.1/../../../../arm-none-eabi/lib/thumb/v8-m.main+fp/softfp/libg.a(libc_a-freer.o)
                0x10008d6c                _free_r
 .text.__errno  0x10008f64        0xc /home/polar/toolchains/arm-gnu-toolchain-13.3.rel1-x86_64-arm-none-eabi/bin/../lib/gcc/arm-none-eabi/13.3.1/../../../../arm-none-eabi/lib/thumb/v8-m.main+fp/softfp/libg.a(libc_a-errno.o)
                0x10008f64                __errno
 .text.__errno.__stub
                0x10008f70       0x40 linker stubs
 *(.fini)
 *crtbegin.o(.ctors)
 *crtbegin?.o(.ctors)
 *(EXCLUDE_FILE(*crtend.o *crtend?.o) .ctors)
 *(SORT_BY_NAME(.ctors.*))
 *(.ctors)
 *crtbegin.o(.dtors)
 *crtbegin?.o(.dtors)
 *(EXCLUDE_FILE(*crtend.o *crtend?.o) .dtors)
 *(SORT_BY_NAME(.dtors.*))
 *(.dtors)
                0x10008fb0                        . = ALIGN (0x4)
                [!provide]                        PROVIDE (__bothinit_array_start = .)
                0x10008fb0                        PROVIDE (__preinit_array_start = .)
 *(SORT_BY_NAME(.preinit_array.*))
 .preinit_array.00050
                0x10008fb0        0x4 CMakeFiles/protogl_gpu.dir/home/polar/pico/pico-sdk/src/rp2_common/pico_runtime_init/runtime_init.c.o
                0x10008fb0                __pre_init_runtime_init_bootrom_reset
 .preinit_array.00100
                0x10008fb4        0x4 CMakeFiles/protogl_gpu.dir/home/polar/pico/pico-sdk/src/rp2_common/pico_runtime_init/runtime_init.c.o
                0x10008fb4                __pre_init_runtime_init_early_resets
 .preinit_array.00101
                0x10008fb8        0x4 CMakeFiles/protogl_gpu.dir/home/polar/pico/pico-sdk/src/rp2_common/pico_runtime_init/runtime_init.c.o
                0x10008fb8                __pre_init_runtime_init_usb_power_down
 .preinit_array.00500
                0x10008fbc        0x4 CMakeFiles/protogl_gpu.dir/home/polar/pico/pico-sdk/src/rp2_common/pico_runtime_init/runtime_init.c.o
                0x10008fbc                __pre_init_runtime_init_clocks
 .preinit_array.00600
                0x10008fc0        0x4 CMakeFiles/protogl_gpu.dir/home/polar/pico/pico-sdk/src/rp2_common/pico_runtime_init/runtime_init.c.o
                0x10008fc0                __pre_init_runtime_init_post_clock_resets
 .preinit_array.01000
                0x10008fc4        0x4 CMakeFiles/protogl_gpu.dir/home/polar/pico/pico-sdk/src/rp2_common/hardware_boot_lock/boot_lock.c.o
                0x10008fc4                __pre_init_runtime_init_boot_locks_reset
 .preinit_array.01000
                0x10008fc8        0x4 CMakeFiles/protogl_gpu.dir/home/polar/pico/pico-sdk/src/rp2_common/pico_runtime_init/runtime_init.c.o
                0x10008fc8                __pre_init_runtime_init_spin_locks_reset
 .preinit_array.01010
                0x10008fcc        0x4 CMakeFiles/protogl_gpu.dir/home/polar/pico/pico-sdk/src/rp2_common/pico_bootrom/bootrom_lock.c.o
                0x10008fcc                __pre_init_runtime_init_bootrom_locking_enable
 .preinit_array.01100
                0x10008fd0        0x4 CMakeFiles/protogl_gpu.dir/home/polar/pico/pico-sdk/src/common/pico_sync/mutex.c.o
                0x10008fd0                __pre_init_runtime_init_mutex
 .preinit_array.10080
                0x10008fd4        0x4 CMakeFiles/protogl_gpu.dir/home/polar/pico/pico-sdk/src/rp2_common/pico_runtime_init/runtime_init.c.o
                0x10008fd4                __pre_init_runtime_init_install_ram_vector_table
 .preinit_array.11000
                0x10008fd8        0x4 CMakeFiles/protogl_gpu.dir/home/polar/pico/pico-sdk/src/common/pico_time/time.c.o
                0x10008fd8                __pre_init_runtime_init_default_alarm_pool
 .preinit_array.YYYYY
                0x10008fdc        0x4 CMakeFiles/protogl_gpu.dir/home/polar/pico/pico-sdk/src/rp2_common/pico_runtime/runtime.c.o
                0x10008fdc                __pre_init_first_per_core_initializer
 .preinit_array.ZZZZZ.00051
                0x10008fe0        0x4 CMakeFiles/protogl_gpu.dir/home/polar/pico/pico-sdk/src/rp2_common/pico_runtime_init/runtime_init.c.o
                0x10008fe0                __pre_init_runtime_init_per_core_bootrom_reset
 .preinit_array.ZZZZZ.00200
                0x10008fe4        0x4 CMakeFiles/protogl_gpu.dir/home/polar/pico/pico-sdk/src/rp2_common/pico_runtime_init/runtime_init.c.o
                0x10008fe4                __pre_init_runtime_init_per_core_enable_coprocessors
 .preinit_array.ZZZZZ.01000
                0x10008fe8        0x4 CMakeFiles/protogl_gpu.dir/home/polar/pico/pico-sdk/src/rp2_common/hardware_sync_spin_lock/sync_spin_lock.c.o
                0x10008fe8                __pre_init_spinlock_set_extexclall
 .preinit_array.ZZZZZ.01200
                0x10008fec        0x4 CMakeFiles/protogl_gpu.dir/home/polar/pico/pico-sdk/src/rp2_common/hardware_irq/irq.c.o
                0x10008fec                __pre_init_runtime_init_per_core_irq_priorities
 .preinit_array.ZZZZZ.10060
                0x10008ff0        0x4 CMakeFiles/protogl_gpu.dir/home/polar/pico/pico-sdk/src/rp2_common/pico_thread_local/thread_local.c.o
                0x10008ff0                __pre_init_runtime_init_per_core_tls_setup
 *(.preinit_array)
                0x10008ff4                        PROVIDE (__preinit_array_end = .)
                0x10008ff4                        . = ALIGN (0x4)
                0x10008ff4                        PROVIDE (__init_array_start = .)
 *(SORT_BY_NAME(.init_array.*))
 *(.init_array)
 .init_array    0x10008ff4        0x4 CMakeFiles/protogl_gpu.dir/src/gpu_core.cpp.o
 .init_array    0x10008ff8        0x4 CMakeFiles/protogl_gpu.dir/src/render/rasterizer.cpp.o
                0x10008ffc                        PROVIDE (__init_array_end = .)
                [!provide]                        PROVIDE (__bothinit_array_end = .)
                0x10008ffc                        . = ALIGN (0x4)
                [!provide]                        PROVIDE (__fini_array_start = .)
 *(SORT_BY_NAME(.fini_array.*))
 *(.fini_array)
                [!provide]                        PROVIDE (__fini_array_end = .)
                [!provide]                        PROVIDE (__dso_handle = 0x0)
 *(.eh_frame*)
                0x10008ffc                        . = ALIGN (0x4)

.glue_7         0x10008ffc        0x0
 .glue_7        0x10008ffc        0x0 linker stubs

.glue_7t        0x10008ffc        0x0
 .glue_7t       0x10008ffc        0x0 linker stubs

.vfp11_veneer   0x10008ffc        0x0
 .vfp11_veneer  0x10008ffc        0x0 linker stubs

.v4_bx          0x10008ffc        0x0
 .v4_bx         0x10008ffc        0x0 linker stubs

.iplt           0x10008ffc        0x0
 .iplt          0x10008ffc        0x0 CMakeFiles/protogl_gpu.dir/src/main.cpp.o

.boot2          0x10008ffc        0x0
                0x10008ffc                        __boot2_start__ = .
 *(.boot2)
                0x10008ffc                        __boot2_end__ = .
                0x00000001                        ASSERT (((__boot2_end__ - __boot2_start__) <= 0x100), ERROR: Pico second stage bootloader must be no more than 256 bytes in size)

.rodata         0x10009000     0x46e8
 *(EXCLUDE_FILE(*libm.a: *lib*_a-mem*.o *libc.a: *libgcc.a:) .rodata*)
 .rodata.main.str1.4
                0x10009000      0xa6e CMakeFiles/protogl_gpu.dir/src/main.cpp.o
                                0x243 (size before relaxing)
 .rodata.str1.4
                0x10009a6e       0x3a CMakeFiles/protogl_gpu.dir/src/main.cpp.o
 *fill*         0x10009a6e        0x2 
 .rodata.CSWTCH.5
                0x10009a70       0x10 CMakeFiles/protogl_gpu.dir/src/main.cpp.o
 .rodata._ZN7GpuCore10InitializeEv.str1.4
                0x10009a80      0x1f3 CMakeFiles/protogl_gpu.dir/src/gpu_core.cpp.o
 .rodata._ZN7GpuCore9Core0MainEv.str1.4
                0x10009a80      0x17d CMakeFiles/protogl_gpu.dir/src/gpu_core.cpp.o
 .rodata._ZN7GpuCore9Core1MainEv.str1.4
                0x10009a80       0x2e CMakeFiles/protogl_gpu.dir/src/gpu_core.cpp.o
 .rodata._ZN8GpuClock10InitializeEv.str1.4
                0x10009a80       0x2c CMakeFiles/protogl_gpu.dir/src/gpu_clock.cpp.o
 .rodata._ZN8GpuClock12SetFrequencyEthb.str1.4
                0x10009a80       0x7e CMakeFiles/protogl_gpu.dir/src/gpu_clock.cpp.o
 .rodata._ZL11trackedSMs_
                0x10009a80       0x40 CMakeFiles/protogl_gpu.dir/src/gpu_clock.cpp.o
 .rodata._ZN8GpuClockL9kProfilesE
                0x10009ac0       0x30 CMakeFiles/protogl_gpu.dir/src/gpu_clock.cpp.o
 .rodata._ZN10Rasterizer12PrepareFrameEP10SceneState.str1.4
                0x10009af0       0x61 CMakeFiles/protogl_gpu.dir/src/render/rasterizer.cpp.o
 .rodata._ZL7s_grad3
                0x10009af0       0x90 CMakeFiles/protogl_gpu.dir/src/render/rasterizer.cpp.o
 .rodata._ZL6s_perm
                0x10009b80      0x100 CMakeFiles/protogl_gpu.dir/src/render/rasterizer.cpp.o
 .rodata._ZN16PglTileScheduler10InitializeEv.str1.4
                0x10009c80       0x41 CMakeFiles/protogl_gpu.dir/src/scheduler/pgl_tile_scheduler.cpp.o
 .rodata._ZN16PglTileScheduler9Core1MainEv.str1.4
                0x10009c80       0x59 CMakeFiles/protogl_gpu.dir/src/scheduler/pgl_tile_scheduler.cpp.o
 .rodata._ZN10TileConfigL12MORTON_ORDERE
                0x10009c80       0x24 CMakeFiles/protogl_gpu.dir/src/scheduler/pgl_tile_scheduler.cpp.o
 .rodata._ZN7Ssd133110InitializeEv.str1.4
                0x10009ca4       0xa4 CMakeFiles/protogl_gpu.dir/src/selftest/ssd1331_driver.cpp.o
 .rodata._ZN16HeadlessSelfTest10BuildSceneEP10SceneState.str1.4
                0x10009ca4       0xc5 CMakeFiles/protogl_gpu.dir/src/selftest/headless_selftest.cpp.o
 .rodata._ZN16HeadlessSelfTest14UpdateDrawListEP10SceneStatefff.str1.4
                0x10009ca4       0x36 CMakeFiles/protogl_gpu.dir/src/selftest/headless_selftest.cpp.o
 .rodata._ZL12kCubeIndices
                0x10009ca4       0x48 CMakeFiles/protogl_gpu.dir/src/selftest/headless_selftest.cpp.o
 .rodata._ZL10kCubeVerts
                0x10009cec       0x60 CMakeFiles/protogl_gpu.dir/src/selftest/headless_selftest.cpp.o
 .rodata._ZL7font5x7
                0x10009d4c      0x1db CMakeFiles/protogl_gpu.dir/src/selftest/headless_selftest.cpp.o
 *fill*         0x10009f27        0x1 
 .rodata._ZL14kTeapotIndices
                0x10009f28     0x1b54 CMakeFiles/protogl_gpu.dir/src/selftest/headless_selftest.cpp.o
 .rodata._ZL12kTeapotVerts
                0x1000ba7c     0x1b84 CMakeFiles/protogl_gpu.dir/src/selftest/headless_selftest.cpp.o
 .rodata        0x1000d600       0x24 CMakeFiles/protogl_gpu.dir/src/selftest/headless_selftest.cpp.o
 .rodata.panic.str1.4
                0x1000d624       0x11 CMakeFiles/protogl_gpu.dir/home/polar/pico/pico-sdk/src/rp2_common/pico_platform_panic/panic.c.o
 .rodata.spin_lock_claim_unused.str1.4
                0x1000d624       0x1b CMakeFiles/protogl_gpu.dir/home/polar/pico/pico-sdk/src/rp2_common/hardware_sync/sync.c.o
 .rodata.timer_hardware_alarm_claim.str1.4
                0x1000d624       0x22 CMakeFiles/protogl_gpu.dir/home/polar/pico/pico-sdk/src/rp2_common/hardware_timer/timer.c.o
 .rodata.hard_assertion_failure.str1.4
                0x1000d624        0xc CMakeFiles/protogl_gpu.dir/home/polar/pico/pico-sdk/src/rp2_common/pico_runtime/runtime.c.o
 .rodata.__wrap_malloc.str1.4
                0x1000d624        0xe CMakeFiles/protogl_gpu.dir/home/polar/pico/pico-sdk/src/rp2_common/pico_malloc/malloc.c.o
 .rodata.str1.4
                0x1000d624       0x40 CMakeFiles/protogl_gpu.dir/home/polar/pico/pico-sdk/src/rp2_common/pico_standard_binary_info/standard_binary_info.c.o
 .rodata.__bi_84
                0x1000d624        0xc CMakeFiles/protogl_gpu.dir/home/polar/pico/pico-sdk/src/rp2_common/pico_standard_binary_info/standard_binary_info.c.o
 .rodata.__bi_78
                0x1000d630        0xc CMakeFiles/protogl_gpu.dir/home/polar/pico/pico-sdk/src/rp2_common/pico_standard_binary_info/standard_binary_info.c.o
 .rodata.__bi_54
                0x1000d63c        0xc CMakeFiles/protogl_gpu.dir/home/polar/pico/pico-sdk/src/rp2_common/pico_standard_binary_info/standard_binary_info.c.o
 .rodata.__bi_48
                0x1000d648        0xc CMakeFiles/protogl_gpu.dir/home/polar/pico/pico-sdk/src/rp2_common/pico_standard_binary_info/standard_binary_info.c.o
 .rodata.__bi_42
                0x1000d654        0xc CMakeFiles/protogl_gpu.dir/home/polar/pico/pico-sdk/src/rp2_common/pico_standard_binary_info/standard_binary_info.c.o
 .rodata.__bi_34
                0x1000d660        0xc CMakeFiles/protogl_gpu.dir/home/polar/pico/pico-sdk/src/rp2_common/pico_standard_binary_info/standard_binary_info.c.o
 .rodata.__bi_26
                0x1000d66c        0xc CMakeFiles/protogl_gpu.dir/home/polar/pico/pico-sdk/src/rp2_common/pico_standard_binary_info/standard_binary_info.c.o
 .rodata.pow10.0
                0x1000d678       0x50 CMakeFiles/protogl_gpu.dir/home/polar/pico/pico-sdk/src/rp2_common/pico_printf/printf.c.o
 .rodata.crlf_str.0
                0x1000d6c8        0x2 CMakeFiles/protogl_gpu.dir/home/polar/pico/pico-sdk/src/rp2_common/pico_stdio/stdio.c.o
 .rodata.str1.4
                0x1000d6ca       0x2c CMakeFiles/protogl_gpu.dir/home/polar/pico/pico-sdk/src/rp2_common/pico_stdio_uart/stdio_uart.c.o
 *fill*         0x1000d6ca        0x2 
 .rodata.__bi_45.4
                0x1000d6cc        0xc CMakeFiles/protogl_gpu.dir/home/polar/pico/pico-sdk/src/rp2_common/pico_stdio_uart/stdio_uart.c.o
 .rodata.__bi_49.5
                0x1000d6d8        0x8 CMakeFiles/protogl_gpu.dir/home/polar/pico/pico-sdk/src/rp2_common/pico_stdio_uart/stdio_uart.c.o
 .rodata.__bi_50.6
                0x1000d6e0        0x8 CMakeFiles/protogl_gpu.dir/home/polar/pico/pico-sdk/src/rp2_common/pico_stdio_uart/stdio_uart.c.o
 .rodata.dma_claim_unused_channel.str1.4
                0x1000d6e8       0x1e CMakeFiles/protogl_gpu.dir/home/polar/pico/pico-sdk/src/rp2_common/hardware_dma/dma.c.o
 *(.srodata*)
                0x1000d708                        . = ALIGN (0x4)
 *(SORT_BY_ALIGNMENT(SORT_BY_NAME(.flashdata*)))
                0x1000d708                        . = ALIGN (0x4)

.ARM.extab
 *(.ARM.extab* .gnu.linkonce.armextab.*)
                0x1000d6e8                        __exidx_start = .

.ARM.exidx      0x1000d6e8        0x8
 *(.ARM.exidx* .gnu.linkonce.armexidx.*)
 .ARM.exidx.text.__udivmoddi4
                0x1000d6e8        0x8 /home/polar/toolchains/arm-gnu-toolchain-13.3.rel1-x86_64-arm-none-eabi/bin/../lib/gcc/arm-none-eabi/13.3.1/thumb/v8-m.main+fp/softfp/libgcc.a(_udivmoddi4.o)
 .ARM.exidx     0x1000d6f0        0x0 /home/polar/toolchains/arm-gnu-toolchain-13.3.rel1-x86_64-arm-none-eabi/bin/../lib/gcc/arm-none-eabi/13.3.1/../../../../arm-none-eabi/lib/thumb/v8-m.main+fp/softfp/libg.a(libc_a-memcpy.o)
                                  0x8 (size before relaxing)
                0x1000d6f0                        __exidx_end = .
                0x1000d6f0                        . = ALIGN (0x4)
                0x1000d6f0                        __binary_info_start = .

.binary_info    0x1000d6f0       0x28
 *(.binary_info.keep.*)
 .binary_info.keep.__bi_ptr84
                0x1000d6f0        0x4 CMakeFiles/protogl_gpu.dir/home/polar/pico/pico-sdk/src/rp2_common/pico_standard_binary_info/standard_binary_info.c.o
 .binary_info.keep.__bi_ptr78
                0x1000d6f4        0x4 CMakeFiles/protogl_gpu.dir/home/polar/pico/pico-sdk/src/rp2_common/pico_standard_binary_info/standard_binary_info.c.o
 .binary_info.keep.__bi_ptr54
                0x1000d6f8        0x4 CMakeFiles/protogl_gpu.dir/home/polar/pico/pico-sdk/src/rp2_common/pico_standard_binary_info/standard_binary_info.c.o
 .binary_info.keep.__bi_ptr48
                0x1000d6fc        0x4 CMakeFiles/protogl_gpu.dir/home/polar/pico/pico-sdk/src/rp2_common/pico_standard_binary_info/standard_binary_info.c.o
 .binary_info.keep.__bi_ptr42
                0x1000d700        0x4 CMakeFiles/protogl_gpu.dir/home/polar/pico/pico-sdk/src/rp2_common/pico_standard_binary_info/standard_binary_info.c.o
 .binary_info.keep.__bi_ptr34
                0x1000d704        0x4 CMakeFiles/protogl_gpu.dir/home/polar/pico/pico-sdk/src/rp2_common/pico_standard_binary_info/standard_binary_info.c.o
 .binary_info.keep.__bi_ptr26
                0x1000d708        0x4 CMakeFiles/protogl_gpu.dir/home/polar/pico/pico-sdk/src/rp2_common/pico_standard_binary_info/standard_binary_info.c.o
 *(.binary_info.*)
 .binary_info.__bi_ptr50
                0x1000d70c        0x4 CMakeFiles/protogl_gpu.dir/home/polar/pico/pico-sdk/src/rp2_common/pico_stdio_uart/stdio_uart.c.o
 .binary_info.__bi_ptr49
                0x1000d710        0x4 CMakeFiles/protogl_gpu.dir/home/polar/pico/pico-sdk/src/rp2_common/pico_stdio_uart/stdio_uart.c.o
 .binary_info.__bi_ptr45
                0x1000d714        0x4 CMakeFiles/protogl_gpu.dir/home/polar/pico/pico-sdk/src/rp2_common/pico_stdio_uart/stdio_uart.c.o
                0x1000d718                        __binary_info_end = .
                0x1000d718                        . = ALIGN (0x4)

.psram_load     0x11000000        0x0 load address 0x1000d718
                0x11000000                        __psram_start__ = .
                0x11000000                        __psram_load_start__ = .
 *(SORT_BY_NAME(.psram_initialised.*))
                0x11000000                        . = ALIGN (0x4)
                0x11000000                        __psram_load_end__ = .
                0x1000d718                        __psram_load_source__ = LOADADDR (.psram_load)

.psram_noload   0x11000000        0x0 load address 0x1000d718
 *(SORT_BY_NAME(.psram_uninitialised.*))
                0x11000000                        . = ALIGN (0x4)
                0x11000000                        __psram_end__ = .

.xip_ram        0x13ffc000        0x0 load address 0x1000d718
                0x13ffc000                        __xip_ram_start__ = .
                0x13ffc000                        . = ALIGN (0x4)
 *(.xip_ram*)
                0x13ffc000                        . = ALIGN (0x4)
                0x13ffc000                        __xip_ram_end__ = .
                0x1000d718                        __xip_ram_source__ = LOADADDR (.xip_ram)

.ram_vector_table
                0x20000000      0x110
 *(.ram_vector_table)
 .ram_vector_table
                0x20000000      0x110 CMakeFiles/protogl_gpu.dir/home/polar/pico/pico-sdk/src/rp2_common/pico_runtime_init/runtime_init.c.o
                0x20000000                ram_vector_table

.uninitialized_data
                0x20000110        0x0
                0x20000110                        . = ALIGN (0x4)
 *(.uninitialized_data*)

.data           0x20000110     0x10b8 load address 0x1000d718
                0x20000110                        __data_start__ = .
 *(vtable)
 *(.time_critical*)
 .time_critical.mutex_enter_blocking
                0x20000110       0x8c CMakeFiles/protogl_gpu.dir/home/polar/pico/pico-sdk/src/common/pico_sync/mutex.c.o
                0x20000110                mutex_enter_blocking
 .time_critical.mutex_try_enter
                0x2000019c       0x50 CMakeFiles/protogl_gpu.dir/home/polar/pico/pico-sdk/src/common/pico_sync/mutex.c.o
                0x2000019c                mutex_try_enter
 .time_critical.mutex_enter_block_until
                0x200001ec       0x88 CMakeFiles/protogl_gpu.dir/home/polar/pico/pico-sdk/src/common/pico_sync/mutex.c.o
                0x200001ec                mutex_enter_block_until
 .time_critical.mutex_try_enter_block_until
                0x20000274       0x38 CMakeFiles/protogl_gpu.dir/home/polar/pico/pico-sdk/src/common/pico_sync/mutex.c.o
                0x20000274                mutex_try_enter_block_until
 .time_critical.mutex_exit
                0x200002ac       0x48 CMakeFiles/protogl_gpu.dir/home/polar/pico/pico-sdk/src/common/pico_sync/mutex.c.o
                0x200002ac                mutex_exit
 .time_critical.spi_write_blocking
                0x200002f4       0x90 CMakeFiles/protogl_gpu.dir/home/polar/pico/pico-sdk/src/rp2_common/hardware_spi/spi.c.o
                0x200002f4                spi_write_blocking
 *(.text*)
 .text          0x20000384      0x378 /home/polar/toolchains/arm-gnu-toolchain-13.3.rel1-x86_64-arm-none-eabi/bin/../lib/gcc/arm-none-eabi/13.3.1/thumb/v8-m.main+fp/softfp/libgcc.a(_arm_addsubdf3.o)
                0x20000384                __aeabi_drsub
                0x2000038c                __aeabi_dsub
                0x2000038c                __subdf3
                0x20000390                __adddf3
                0x20000390                __aeabi_dadd
                0x20000608                __aeabi_ui2d
                0x20000608                __floatunsidf
                0x20000628                __floatsidf
                0x20000628                __aeabi_i2d
                0x2000064c                __extendsfdf2
                0x2000064c                __aeabi_f2d
                0x20000690                __aeabi_ul2d
                0x20000690                __floatundidf
                0x200006a0                __floatdidf
                0x200006a0                __aeabi_l2d
 .text          0x200006fc       0x30 /home/polar/toolchains/arm-gnu-toolchain-13.3.rel1-x86_64-arm-none-eabi/bin/../lib/gcc/arm-none-eabi/13.3.1/thumb/v8-m.main+fp/softfp/libgcc.a(_aeabi_uldivmod.o)
                0x200006fc                __aeabi_uldivmod
 .text.__udivmoddi4
                0x2000072c      0x300 /home/polar/toolchains/arm-gnu-toolchain-13.3.rel1-x86_64-arm-none-eabi/bin/../lib/gcc/arm-none-eabi/13.3.1/thumb/v8-m.main+fp/softfp/libgcc.a(_udivmoddi4.o)
                0x2000072c                __udivmoddi4
 .text          0x20000a2c        0x4 /home/polar/toolchains/arm-gnu-toolchain-13.3.rel1-x86_64-arm-none-eabi/bin/../lib/gcc/arm-none-eabi/13.3.1/thumb/v8-m.main+fp/softfp/libgcc.a(_dvmd_tls.o)
                0x20000a2c                __aeabi_ldiv0
                0x20000a2c                __aeabi_idiv0
 .text          0x20000a30       0xec /home/polar/toolchains/arm-gnu-toolchain-13.3.rel1-x86_64-arm-none-eabi/bin/../lib/gcc/arm-none-eabi/13.3.1/../../../../arm-none-eabi/lib/thumb/v8-m.main+fp/softfp/libg.a(libc_a-memcpy.o)
                0x20000a30                memcpy
 .text.memset   0x20000b1c       0xa4 /home/polar/toolchains/arm-gnu-toolchain-13.3.rel1-x86_64-arm-none-eabi/bin/../lib/gcc/arm-none-eabi/13.3.1/../../../../arm-none-eabi/lib/thumb/v8-m.main+fp/softfp/libg.a(libc_a-memset.o)
                0x20000b1c                memset
 .text.memset.__stub
                0x20000bc0        0x8 linker stubs
                0x20000bc8                        . = ALIGN (0x4)
 *(.rodata*)
                0x20000bc8                        . = ALIGN (0x4)
                0x20000bc8                        PROVIDE (__emutls_array_start = .)
 *(.*.__emutls_v.*)
                0x20000bc8                        PROVIDE (__emutls_array_end = .)
                0x20000bc8                        . = ALIGN (0x4)
 *(.data*)
 .data._ZL10backBuffer
                0x20000bc8        0x4 CMakeFiles/protogl_gpu.dir/src/gpu_core.cpp.o
 .data._ZL11frontBuffer
                0x20000bcc        0x4 CMakeFiles/protogl_gpu.dir/src/gpu_core.cpp.o
 .data._ZL15currentProfile_
                0x20000bd0        0x4 CMakeFiles/protogl_gpu.dir/src/gpu_clock.cpp.o
 .data._ZL17s_spiTxDmaChannel
                0x20000bd4        0x4 CMakeFiles/protogl_gpu.dir/src/selftest/ssd1331_driver.cpp.o
 .data.striped_spin_lock_num
                0x20000bd8        0x1 CMakeFiles/protogl_gpu.dir/home/polar/pico/pico-sdk/src/rp2_common/hardware_sync/sync.c.o
 *fill*         0x20000bd9        0x3 
 .data          0x20000bdc       0x48 CMakeFiles/protogl_gpu.dir/home/polar/pico/pico-sdk/src/rp2_common/hardware_irq/irq_handler_chain.S.o
                0x20000bdc                irq_handler_chain_slots
                0x20000c0c                irq_handler_chain_first_slot
                0x20000c16                irq_handler_chain_remove_tail
 *fill*         0x20000c24        0x4 
 .data.last_added.0
                0x20000c28        0x8 CMakeFiles/protogl_gpu.dir/home/polar/pico/pico-sdk/src/common/pico_time/time.c.o
 .data.default_alarm_pool
                0x20000c30       0x18 CMakeFiles/protogl_gpu.dir/home/polar/pico/pico-sdk/src/common/pico_time/time.c.o
 .data.stdio_uart
                0x20000c48       0x18 CMakeFiles/protogl_gpu.dir/home/polar/pico/pico-sdk/src/rp2_common/pico_stdio_uart/stdio_uart.c.o
                0x20000c48                stdio_uart
 .data.__malloc_sbrk_base
                0x20000c60        0x4 /home/polar/toolchains/arm-gnu-toolchain-13.3.rel1-x86_64-arm-none-eabi/bin/../lib/gcc/arm-none-eabi/13.3.1/../../../../arm-none-eabi/lib/thumb/v8-m.main+fp/softfp/libg.a(libc_a-mallocr.o)
                0x20000c60                __malloc_sbrk_base
 .data.__malloc_trim_threshold
                0x20000c64        0x4 /home/polar/toolchains/arm-gnu-toolchain-13.3.rel1-x86_64-arm-none-eabi/bin/../lib/gcc/arm-none-eabi/13.3.1/../../../../arm-none-eabi/lib/thumb/v8-m.main+fp/softfp/libg.a(libc_a-mallocr.o)
                0x20000c64                __malloc_trim_threshold
 .data.__malloc_av_
                0x20000c68      0x408 /home/polar/toolchains/arm-gnu-toolchain-13.3.rel1-x86_64-arm-none-eabi/bin/../lib/gcc/arm-none-eabi/13.3.1/../../../../arm-none-eabi/lib/thumb/v8-m.main+fp/softfp/libg.a(libc_a-mallocr.o)
                0x20000c68                __malloc_av_
 .data._impure_ptr
                0x20001070        0x4 /home/polar/toolchains/arm-gnu-toolchain-13.3.rel1-x86_64-arm-none-eabi/bin/../lib/gcc/arm-none-eabi/13.3.1/../../../../arm-none-eabi/lib/thumb/v8-m.main+fp/softfp/libg.a(libc_a-impure.o)
                0x20001070                _impure_ptr
 *fill*         0x20001074        0x4 
 .data._impure_data
                0x20001078      0x140 /home/polar/toolchains/arm-gnu-toolchain-13.3.rel1-x86_64-arm-none-eabi/bin/../lib/gcc/arm-none-eabi/13.3.1/../../../../arm-none-eabi/lib/thumb/v8-m.main+fp/softfp/libg.a(libc_a-impure.o)
                0x20001078                _impure_data
 *(.sdata*)
                0x200011b8                        . = ALIGN (0x4)
 *(.after_data.*)
                0x200011b8                        . = ALIGN (0x4)
                0x200011b8                        PROVIDE (__mutex_array_start = .)
 *(SORT_BY_NAME(.mutex_array.*))
 *(.mutex_array)
 .mutex_array   0x200011b8        0x8 CMakeFiles/protogl_gpu.dir/home/polar/pico/pico-sdk/src/rp2_common/pico_malloc/malloc.c.o
 .mutex_array   0x200011c0        0x8 CMakeFiles/protogl_gpu.dir/home/polar/pico/pico-sdk/src/rp2_common/pico_stdio/stdio.c.o
                0x200011c8                        PROVIDE (__mutex_array_end = .)
 *(.jcr)
                0x200011c8                        . = ALIGN (0x4)

.igot.plt       0x200011c8        0x0 load address 0x1000e7d0
 .igot.plt      0x200011c8        0x0 CMakeFiles/protogl_gpu.dir/src/main.cpp.o

.tdata          0x200011c8        0x0 load address 0x1000e7d0
                0x200011c8                        . = ALIGN (0x4)
 *(.tdata .tdata.* .gnu.linkonce.td.*)
                0x200011c8                        __tdata_end = .
                0x200011c8                        PROVIDE (__data_end__ = .)
                0x1000d718                        __etext = LOADADDR (.data)
                0x200011c8                        . = ALIGN (0x4)

.tbss           0x200011c8        0x0 load address 0x1000e7d0
                0x200011c8                        __bss_start__ = .
                0x200011c8                        __tls_base = .
 *(.tbss .tbss.* .gnu.linkonce.tb.*)
 *(.tcommon)
                0x200011c8                        . = ALIGN (0x4)
                0x200011c8                        __tls_end = .

.tbss_space     0x200011c8        0x0 load address 0x1000e7d0
                0x200011c8                        . = (__bss_start__ + SIZEOF (.tbss))

.bss            0x200011c8    0x53bd0 load address 0x1000e7d0
                0x200011c8                        . = ALIGN (0x4)
                0x200011c8                        __tbss_end = .
 *(SORT_BY_ALIGNMENT(SORT_BY_NAME(.bss*)))
 .bss._ZL10sceneState
                0x200011c8    0x15fdc CMakeFiles/protogl_gpu.dir/src/gpu_core.cpp.o
 *fill*         0x200171a4        0x4 
 .bss.default_alarm_pool_entries
                0x200171a8      0x180 CMakeFiles/protogl_gpu.dir/home/polar/pico/pico-sdk/src/common/pico_time/time.c.o
 .bss._ZL10frameCount
                0x20017328        0x4 CMakeFiles/protogl_gpu.dir/src/gpu_core.cpp.o
 .bss._ZL10rasterizer
                0x2001732c       0x1c CMakeFiles/protogl_gpu.dir/src/gpu_core.cpp.o
 .bss._ZL11g_ssd1331Fb
                0x20017348     0x3000 CMakeFiles/protogl_gpu.dir/src/gpu_core.cpp.o
 .bss._ZL12elapsedTimeS
                0x2001a348        0x4 CMakeFiles/protogl_gpu.dir/src/gpu_core.cpp.o
 .bss._ZL12framebufferA
                0x2001a34c     0x4800 CMakeFiles/protogl_gpu.dir/src/gpu_core.cpp.o
 .bss._ZL12framebufferB
                0x2001eb4c     0x4800 CMakeFiles/protogl_gpu.dir/src/gpu_core.cpp.o
 .bss._ZL12s_frameTxBuf
                0x2002334c     0x3000 CMakeFiles/protogl_gpu.dir/src/selftest/ssd1331_driver.cpp.o
 .bss._ZL12trianglePool
                0x2002634c    0x1f400 CMakeFiles/protogl_gpu.dir/src/render/rasterizer.cpp.o
 .bss._ZL13tileScheduler
                0x2004574c       0x18 CMakeFiles/protogl_gpu.dir/src/gpu_core.cpp.o
 .bss._ZL16s_spiTxDmaConfig
                0x20045764        0x4 CMakeFiles/protogl_gpu.dir/src/selftest/ssd1331_driver.cpp.o
 .bss._ZL16transformedVerts
                0x20045768     0x3000 CMakeFiles/protogl_gpu.dir/src/render/rasterizer.cpp.o
 .bss._ZL7zBuffer
                0x20048768     0x4800 CMakeFiles/protogl_gpu.dir/src/gpu_core.cpp.o
 .bss._ZL8quadTree
                0x2004cf68     0x7c04 CMakeFiles/protogl_gpu.dir/src/render/rasterizer.cpp.o
 .bss._ZN12_GLOBAL__N_16s_critE
                0x20054b6c        0x8 CMakeFiles/protogl_gpu.dir/home/polar/MCUGPU/ProtoGC/src/pgc_pico.cpp.o
 .bss.__lock___malloc_recursive_mutex
                0x20054b74        0x1 /home/polar/toolchains/arm-gnu-toolchain-13.3.rel1-x86_64-arm-none-eabi/bin/../lib/gcc/arm-none-eabi/13.3.1/../../../../arm-none-eabi/lib/thumb/v8-m.main+fp/softfp/libg.a(libc_a-lock.o)
                0x20054b74                __lock___malloc_recursive_mutex
 *fill*         0x20054b75        0x3 
 .bss.__malloc_current_mallinfo
                0x20054b78       0x28 /home/polar/toolchains/arm-gnu-toolchain-13.3.rel1-x86_64-arm-none-eabi/bin/../lib/gcc/arm-none-eabi/13.3.1/../../../../arm-none-eabi/lib/thumb/v8-m.main+fp/softfp/libg.a(libc_a-mallocr.o)
                0x20054b78                __malloc_current_mallinfo
 .bss.__malloc_max_sbrked_mem
                0x20054ba0        0x4 /home/polar/toolchains/arm-gnu-toolchain-13.3.rel1-x86_64-arm-none-eabi/bin/../lib/gcc/arm-none-eabi/13.3.1/../../../../arm-none-eabi/lib/thumb/v8-m.main+fp/softfp/libg.a(libc_a-mallocr.o)
                0x20054ba0                __malloc_max_sbrked_mem
 .bss.__malloc_max_total_mem
                0x20054ba4        0x4 /home/polar/toolchains/arm-gnu-toolchain-13.3.rel1-x86_64-arm-none-eabi/bin/../lib/gcc/arm-none-eabi/13.3.1/../../../../arm-none-eabi/lib/thumb/v8-m.main+fp/softfp/libg.a(libc_a-mallocr.o)
                0x20054ba4                __malloc_max_total_mem
 .bss.__malloc_top_pad
                0x20054ba8        0x4 /home/polar/toolchains/arm-gnu-toolchain-13.3.rel1-x86_64-arm-none-eabi/bin/../lib/gcc/arm-none-eabi/13.3.1/../../../../arm-none-eabi/lib/thumb/v8-m.main+fp/softfp/libg.a(libc_a-mallocr.o)
                0x20054ba8                __malloc_top_pad
 .bss.__sf      0x20054bac      0x138 /home/polar/toolchains/arm-gnu-toolchain-13.3.rel1-x86_64-arm-none-eabi/bin/../lib/gcc/arm-none-eabi/13.3.1/../../../../arm-none-eabi/lib/thumb/v8-m.main+fp/softfp/libg.a(libc_a-findfp.o)
                0x20054bac                __sf
 .bss.__tls_adjusted_by_core
                0x20054ce4        0x8 CMakeFiles/protogl_gpu.dir/home/polar/pico/pico-sdk/src/rp2_common/pico_thread_local/thread_local.c.o
 .bss._sw_spin_locks
                0x20054cec       0x20 CMakeFiles/protogl_gpu.dir/home/polar/pico/pico-sdk/src/rp2_common/hardware_sync_spin_lock/sync_spin_lock.c.o
                0x20054cec                _sw_spin_locks
 .bss.chars_available_callback
                0x20054d0c        0x4 CMakeFiles/protogl_gpu.dir/home/polar/pico/pico-sdk/src/rp2_common/pico_stdio_uart/stdio_uart.c.o
 .bss.chars_available_param
                0x20054d10        0x4 CMakeFiles/protogl_gpu.dir/home/polar/pico/pico-sdk/src/rp2_common/pico_stdio_uart/stdio_uart.c.o
 .bss.claimed   0x20054d14        0x4 CMakeFiles/protogl_gpu.dir/home/polar/pico/pico-sdk/src/rp2_common/hardware_sync/sync.c.o
 .bss.claimed   0x20054d18        0x2 CMakeFiles/protogl_gpu.dir/home/polar/pico/pico-sdk/src/rp2_common/hardware_timer/timer.c.o
 *fill*         0x20054d1a        0x2 
 .bss.configured_freq
                0x20054d1c       0x28 CMakeFiles/protogl_gpu.dir/home/polar/pico/pico-sdk/src/rp2_common/hardware_clocks/clocks.c.o
 .bss.core_status
                0x20054d44        0x2 CMakeFiles/protogl_gpu.dir/home/polar/pico/pico-sdk/src/rp2_common/pico_multicore/multicore.c.o
 *fill*         0x20054d46        0x2 
 .bss.drivers   0x20054d48        0x4 CMakeFiles/protogl_gpu.dir/home/polar/pico/pico-sdk/src/rp2_common/pico_stdio/stdio.c.o
 .bss.errno     0x20054d4c        0x4 /home/polar/toolchains/arm-gnu-toolchain-13.3.rel1-x86_64-arm-none-eabi/bin/../lib/gcc/arm-none-eabi/13.3.1/../../../../arm-none-eabi/lib/thumb/v8-m.main+fp/softfp/libg.a(libc_a-reent.o)
                0x20054d4c                errno
 .bss.filter    0x20054d50        0x4 CMakeFiles/protogl_gpu.dir/home/polar/pico/pico-sdk/src/rp2_common/pico_stdio/stdio.c.o
 .bss.heap_end.0
                0x20054d54        0x4 CMakeFiles/protogl_gpu.dir/home/polar/pico/pico-sdk/src/rp2_common/pico_clib_interface/newlib_interface.c.o
 .bss.lazy_vsnprintf
                0x20054d58        0x4 CMakeFiles/protogl_gpu.dir/home/polar/pico/pico-sdk/src/rp2_common/pico_printf/printf.c.o
 .bss.pools     0x20054d5c       0x20 CMakeFiles/protogl_gpu.dir/home/polar/pico/pico-sdk/src/common/pico_time/time.c.o
 .bss.sleep_notifier
                0x20054d7c        0x4 CMakeFiles/protogl_gpu.dir/home/polar/pico/pico-sdk/src/common/pico_time/time.c.o
 .bss.uart_char_to_line_feed
                0x20054d80        0x4 CMakeFiles/protogl_gpu.dir/home/polar/pico/pico-sdk/src/rp2_common/hardware_uart/uart.c.o
                0x20054d80                uart_char_to_line_feed
 .bss.uart_instance
                0x20054d84        0x4 CMakeFiles/protogl_gpu.dir/home/polar/pico/pico-sdk/src/rp2_common/pico_stdio_uart/stdio_uart.c.o
 .bss._ZL11currentMHz_
                0x20054d88        0x2 CMakeFiles/protogl_gpu.dir/src/gpu_clock.cpp.o
 .bss._ZL13requestedMHz_
                0x20054d8a        0x2 CMakeFiles/protogl_gpu.dir/src/gpu_clock.cpp.o
 .bss._ZL16trianglePoolUsed
                0x20054d8c        0x2 CMakeFiles/protogl_gpu.dir/src/render/rasterizer.cpp.o
 .bss._claimed  0x20054d8e        0x2 CMakeFiles/protogl_gpu.dir/home/polar/pico/pico-sdk/src/rp2_common/hardware_dma/dma.c.o
 .bss._ZL10g_vramMode
                0x20054d90        0x1 CMakeFiles/protogl_gpu.dir/src/gpu_core.cpp.o
 .bss._ZL10throttled_
                0x20054d91        0x1 CMakeFiles/protogl_gpu.dir/src/gpu_clock.cpp.o
 .bss._ZL13trackedCount_
                0x20054d92        0x1 CMakeFiles/protogl_gpu.dir/src/gpu_clock.cpp.o